Archive member included to satisfy reference by file (symbol)

/usr/lib/gcc/arm-none-eabi/10.3.1/../../../arm-none-eabi/lib/thumb/v7e-m+fp/hard/libc_nano.a(lib_a-atexit.o)
                              /usr/lib/gcc/arm-none-eabi/10.3.1/../../../arm-none-eabi/lib/thumb/v7e-m+fp/hard/crt0.o (atexit)
/usr/lib/gcc/arm-none-eabi/10.3.1/../../../arm-none-eabi/lib/thumb/v7e-m+fp/hard/libc_nano.a(lib_a-ctype_.o)
                              _build/nrf52832_xxaa/nrf_log_str_formatter.c.o (_ctype_)
/usr/lib/gcc/arm-none-eabi/10.3.1/../../../arm-none-eabi/lib/thumb/v7e-m+fp/hard/libc_nano.a(lib_a-exit.o)
                              /usr/lib/gcc/arm-none-eabi/10.3.1/../../../arm-none-eabi/lib/thumb/v7e-m+fp/hard/crt0.o (exit)
/usr/lib/gcc/arm-none-eabi/10.3.1/../../../arm-none-eabi/lib/thumb/v7e-m+fp/hard/libc_nano.a(lib_a-fini.o)
                              /usr/lib/gcc/arm-none-eabi/10.3.1/../../../arm-none-eabi/lib/thumb/v7e-m+fp/hard/crt0.o (__libc_fini_array)
/usr/lib/gcc/arm-none-eabi/10.3.1/../../../arm-none-eabi/lib/thumb/v7e-m+fp/hard/libc_nano.a(lib_a-impure.o)
                              /usr/lib/gcc/arm-none-eabi/10.3.1/../../../arm-none-eabi/lib/thumb/v7e-m+fp/hard/libc_nano.a(lib_a-exit.o) (_global_impure_ptr)
/usr/lib/gcc/arm-none-eabi/10.3.1/../../../arm-none-eabi/lib/thumb/v7e-m+fp/hard/libc_nano.a(lib_a-init.o)
                              /usr/lib/gcc/arm-none-eabi/10.3.1/../../../arm-none-eabi/lib/thumb/v7e-m+fp/hard/crt0.o (__libc_init_array)
/usr/lib/gcc/arm-none-eabi/10.3.1/../../../arm-none-eabi/lib/thumb/v7e-m+fp/hard/libc_nano.a(lib_a-memcmp.o)
                              _build/nrf52832_xxaa/ble_advdata.c.o (memcmp)
/usr/lib/gcc/arm-none-eabi/10.3.1/../../../arm-none-eabi/lib/thumb/v7e-m+fp/hard/libc_nano.a(lib_a-memcpy.o)
                              _build/nrf52832_xxaa/nrf_log_frontend.c.o (memcpy)
/usr/lib/gcc/arm-none-eabi/10.3.1/../../../arm-none-eabi/lib/thumb/v7e-m+fp/hard/libc_nano.a(lib_a-memset.o)
                              /usr/lib/gcc/arm-none-eabi/10.3.1/../../../arm-none-eabi/lib/thumb/v7e-m+fp/hard/crt0.o (memset)
/usr/lib/gcc/arm-none-eabi/10.3.1/../../../arm-none-eabi/lib/thumb/v7e-m+fp/hard/libc_nano.a(lib_a-strcpy.o)
                              _build/nrf52832_xxaa/SEGGER_RTT.c.o (strcpy)
/usr/lib/gcc/arm-none-eabi/10.3.1/../../../arm-none-eabi/lib/thumb/v7e-m+fp/hard/libc_nano.a(lib_a-strlen.o)
                              _build/nrf52832_xxaa/nrf_log_frontend.c.o (strlen)
/usr/lib/gcc/arm-none-eabi/10.3.1/../../../arm-none-eabi/lib/thumb/v7e-m+fp/hard/libc_nano.a(lib_a-__atexit.o)
                              /usr/lib/gcc/arm-none-eabi/10.3.1/../../../arm-none-eabi/lib/thumb/v7e-m+fp/hard/libc_nano.a(lib_a-atexit.o) (__register_exitproc)
/usr/lib/gcc/arm-none-eabi/10.3.1/../../../arm-none-eabi/lib/thumb/v7e-m+fp/hard/libc_nano.a(lib_a-__call_atexit.o)
                              /usr/lib/gcc/arm-none-eabi/10.3.1/../../../arm-none-eabi/lib/thumb/v7e-m+fp/hard/libc_nano.a(lib_a-__atexit.o) (__call_exitprocs)
/usr/lib/gcc/arm-none-eabi/10.3.1/../../../arm-none-eabi/lib/thumb/v7e-m+fp/hard/libnosys.a(_exit.o)
                              /usr/lib/gcc/arm-none-eabi/10.3.1/../../../arm-none-eabi/lib/thumb/v7e-m+fp/hard/libc_nano.a(lib_a-exit.o) (_exit)
/usr/lib/gcc/arm-none-eabi/10.3.1/thumb/v7e-m+fp/hard/libgcc.a(_aeabi_ldivmod.o)
                              _build/nrf52832_xxaa/bsp.c.o (__aeabi_ldivmod)
/usr/lib/gcc/arm-none-eabi/10.3.1/thumb/v7e-m+fp/hard/libgcc.a(_aeabi_uldivmod.o)
                              _build/nrf52832_xxaa/bsp.c.o (__aeabi_uldivmod)
/usr/lib/gcc/arm-none-eabi/10.3.1/thumb/v7e-m+fp/hard/libgcc.a(_udivmoddi4.o)
                              /usr/lib/gcc/arm-none-eabi/10.3.1/thumb/v7e-m+fp/hard/libgcc.a(_aeabi_ldivmod.o) (__udivmoddi4)
/usr/lib/gcc/arm-none-eabi/10.3.1/thumb/v7e-m+fp/hard/libgcc.a(_dvmd_tls.o)
                              /usr/lib/gcc/arm-none-eabi/10.3.1/thumb/v7e-m+fp/hard/libgcc.a(_aeabi_ldivmod.o) (__aeabi_ldiv0)

Discarded input sections

 .text          0x0000000000000000        0x0 /usr/lib/gcc/arm-none-eabi/10.3.1/thumb/v7e-m+fp/hard/crti.o
 .data          0x0000000000000000        0x0 /usr/lib/gcc/arm-none-eabi/10.3.1/thumb/v7e-m+fp/hard/crti.o
 .bss           0x0000000000000000        0x0 /usr/lib/gcc/arm-none-eabi/10.3.1/thumb/v7e-m+fp/hard/crti.o
 .data          0x0000000000000000        0x4 /usr/lib/gcc/arm-none-eabi/10.3.1/thumb/v7e-m+fp/hard/crtbegin.o
 .rodata        0x0000000000000000       0x24 /usr/lib/gcc/arm-none-eabi/10.3.1/thumb/v7e-m+fp/hard/crtbegin.o
 .data          0x0000000000000000        0x0 /usr/lib/gcc/arm-none-eabi/10.3.1/../../../arm-none-eabi/lib/thumb/v7e-m+fp/hard/crt0.o
 .bss           0x0000000000000000        0x0 /usr/lib/gcc/arm-none-eabi/10.3.1/../../../arm-none-eabi/lib/thumb/v7e-m+fp/hard/crt0.o
 .ARM.extab     0x0000000000000000        0x0 /usr/lib/gcc/arm-none-eabi/10.3.1/../../../arm-none-eabi/lib/thumb/v7e-m+fp/hard/crt0.o
[...]
Memory Configuration

Name             Origin             Length             Attributes
FLASH            0x0000000000026000 0x000000000005a000 xr
RAM              0x00000000200018c8 0x000000000000e738 xrw
*default*        0x0000000000000000 0xffffffffffffffff

Linker script and memory map


.text           0x0000000000026000     0x679c
 *(.isr_vector)
 .isr_vector    0x0000000000026000      0x200 _build/nrf52832_xxaa/gcc_startup_nrf52.S.o
                0x0000000000026000                __isr_vector
 *(.text*)
 .text          0x0000000000026200       0x88 /usr/lib/gcc/arm-none-eabi/10.3.1/thumb/v7e-m+fp/hard/crtbegin.o
 .text          0x0000000000026288       0x70 /usr/lib/gcc/arm-none-eabi/10.3.1/../../../arm-none-eabi/lib/thumb/v7e-m+fp/hard/crt0.o
                0x0000000000026288                _stack_init
                0x0000000000026290                _mainCRTStartup
                0x0000000000026290                _start
 .text          0x00000000000262f8       0x3c _build/nrf52832_xxaa/gcc_startup_nrf52.S.o
                0x00000000000262f8                Reset_Handler
                0x0000000000026320                NMI_Handler
                0x0000000000026322                HardFault_Handler
                0x0000000000026324                MemoryManagement_Handler
                0x0000000000026326                BusFault_Handler
                0x0000000000026328                UsageFault_Handler
                0x000000000002632a                SVC_Handler
                0x000000000002632c                DebugMon_Handler
                0x000000000002632e                PendSV_Handler
                0x0000000000026330                SysTick_Handler
                0x0000000000026332                TIMER2_IRQHandler
                0x0000000000026332                RTC0_IRQHandler
                0x0000000000026332                SWI0_EGU0_IRQHandler
                0x0000000000026332                PWM1_IRQHandler
                0x0000000000026332                RADIO_IRQHandler
                0x0000000000026332                PDM_IRQHandler
                0x0000000000026332                TEMP_IRQHandler
                0x0000000000026332                QDEC_IRQHandler
                0x0000000000026332                TIMER3_IRQHandler
                0x0000000000026332                FPU_IRQHandler
                0x0000000000026332                SPIM0_SPIS0_TWIM0_TWIS0_SPI0_TWI0_IRQHandler
                0x0000000000026332                TIMER4_IRQHandler
                0x0000000000026332                I2S_IRQHandler
                0x0000000000026332                SWI4_EGU4_IRQHandler
                0x0000000000026332                TIMER0_IRQHandler
                0x0000000000026332                TIMER1_IRQHandler
                0x0000000000026332                PWM2_IRQHandler
                0x0000000000026332                ECB_IRQHandler
                0x0000000000026332                SPIM1_SPIS1_TWIM1_TWIS1_SPI1_TWI1_IRQHandler
                0x0000000000026332                Default_Handler
                0x0000000000026332                SAADC_IRQHandler
                0x0000000000026332                CCM_AAR_IRQHandler
                0x0000000000026332                WDT_IRQHandler
                0x0000000000026332                SWI5_EGU5_IRQHandler
                0x0000000000026332                RNG_IRQHandler
                0x0000000000026332                RTC2_IRQHandler
                0x0000000000026332                PWM0_IRQHandler
                0x0000000000026332                SWI3_EGU3_IRQHandler
                0x0000000000026332                SWI1_EGU1_IRQHandler
                0x0000000000026332                SPIM2_SPIS2_SPI2_IRQHandler
                0x0000000000026332                NFCT_IRQHandler
                0x0000000000026332                MWU_IRQHandler
                0x0000000000026332                COMP_LPCOMP_IRQHandler
 .text.nrf_log_backend_serial_put
                0x0000000000026334       0xd8 _build/nrf52832_xxaa/nrf_log_backend_serial.c.o
                0x0000000000026334                nrf_log_backend_serial_put
 .text.uart_evt_handler
                0x000000000002640c        0xc _build/nrf52832_xxaa/nrf_log_backend_uart.c.o
 .text.nrf_log_backend_uart_flush
                0x0000000000026418        0x4 _build/nrf52832_xxaa/nrf_log_backend_uart.c.o
 .text.nrf_log_backend_uart_put
                0x000000000002641c       0x20 _build/nrf52832_xxaa/nrf_log_backend_uart.c.o
 .text.serial_tx
                0x000000000002643c       0x50 _build/nrf52832_xxaa/nrf_log_backend_uart.c.o
 .text.nrf_log_backend_uart_panic_set
                0x000000000002648c       0x68 _build/nrf52832_xxaa/nrf_log_backend_uart.c.o
 .text.nrf_log_backend_uart_init
                0x00000000000264f4       0x50 _build/nrf52832_xxaa/nrf_log_backend_uart.c.o
                0x00000000000264f4                nrf_log_backend_uart_init
 .text.nrf_log_default_backends_init
                0x0000000000026544       0x20 _build/nrf52832_xxaa/nrf_log_default_backends.c.o
                0x0000000000026544                nrf_log_default_backends_init
 .text.nrf_log_init
                0x0000000000026564       0x28 _build/nrf52832_xxaa/nrf_log_frontend.c.o
                0x0000000000026564                nrf_log_init
 .text.nrf_log_module_name_get
                0x000000000002658c       0x48 _build/nrf52832_xxaa/nrf_log_frontend.c.o
                0x000000000002658c                nrf_log_module_name_get
 .text.nrf_log_color_id_get
                0x00000000000265d4       0x2c _build/nrf52832_xxaa/nrf_log_frontend.c.o
                0x00000000000265d4                nrf_log_color_id_get
 .text.log_pending_hook
                0x0000000000026600        0x4 _build/nrf52832_xxaa/nrf_log_frontend.c.o
                0x0000000000026600                log_pending_hook
 .text.nrf_log_frontend_dequeue
                0x0000000000026604      0x260 _build/nrf52832_xxaa/nrf_log_frontend.c.o
                0x0000000000026604                nrf_log_frontend_dequeue
 .text.nrf_log_frontend_std_2
                0x0000000000026864      0x1c8 _build/nrf52832_xxaa/nrf_log_frontend.c.o
                0x0000000000026864                nrf_log_frontend_std_2
 .text.nrf_log_frontend_std_1
                0x0000000000026a2c      0x1bc _build/nrf52832_xxaa/nrf_log_frontend.c.o
                0x0000000000026a2c                nrf_log_frontend_std_1
 .text.nrf_log_frontend_std_0
                0x0000000000026be8      0x1ac _build/nrf52832_xxaa/nrf_log_frontend.c.o
                0x0000000000026be8                nrf_log_frontend_std_0
 .text.nrf_log_backend_add
                0x0000000000026d94       0x5c _build/nrf52832_xxaa/nrf_log_frontend.c.o
                0x0000000000026d94                nrf_log_backend_add
 .text.nrf_log_panic
                0x0000000000026df0       0x28 _build/nrf52832_xxaa/nrf_log_frontend.c.o
                0x0000000000026df0                nrf_log_panic
 .text.prefix_process
                0x0000000000026e18       0x84 _build/nrf52832_xxaa/nrf_log_str_formatter.c.o
 .text.nrf_log_std_entry_process
                0x0000000000026e9c       0xec _build/nrf52832_xxaa/nrf_log_str_formatter.c.o
                0x0000000000026e9c                nrf_log_std_entry_process
 .text.nrf_log_hexdump_entry_process
                0x0000000000026f88      0x104 _build/nrf52832_xxaa/nrf_log_str_formatter.c.o
                0x0000000000026f88                nrf_log_hexdump_entry_process
 .text.gpiote_event_handler
                0x000000000002708c       0x74 _build/nrf52832_xxaa/app_button.c.o
 .text.detection_delay_timeout_handler
                0x0000000000027100      0x288 _build/nrf52832_xxaa/app_button.c.o
 .text.app_button_init
                0x0000000000027388       0xb8 _build/nrf52832_xxaa/app_button.c.o
                0x0000000000027388                app_button_init
 .text.app_button_enable
                0x0000000000027440       0x2c _build/nrf52832_xxaa/app_button.c.o
                0x0000000000027440                app_button_enable
 .text.app_error_handler_bare
                0x000000000002746c       0x20 _build/nrf52832_xxaa/app_error.c.o
                0x000000000002746c                app_error_handler_bare
 .text.app_error_fault_handler
                0x000000000002748c       0x6c _build/nrf52832_xxaa/app_error_weak.c.o
                0x000000000002748c                app_error_fault_handler
 .text.compare_func
                0x00000000000274f8       0x1c _build/nrf52832_xxaa/app_timer2.c.o
 .text.timer_expire.part.0
                0x0000000000027514       0x88 _build/nrf52832_xxaa/app_timer2.c.o
 .text.rtc_irq  0x000000000002759c      0x2e8 _build/nrf52832_xxaa/app_timer2.c.o
 .text.app_timer_init
                0x0000000000027884       0x6c _build/nrf52832_xxaa/app_timer2.c.o
                0x0000000000027884                app_timer_init
 .text.app_timer_create
                0x00000000000278f0       0x30 _build/nrf52832_xxaa/app_timer2.c.o
                0x00000000000278f0                app_timer_create
 .text.app_timer_start
                0x0000000000027920       0xb8 _build/nrf52832_xxaa/app_timer2.c.o
                0x0000000000027920                app_timer_start
 .text.app_timer_stop
                0x00000000000279d8       0x80 _build/nrf52832_xxaa/app_timer2.c.o
                0x00000000000279d8                app_timer_stop
 .text.app_util_critical_region_enter
                0x0000000000027a58       0x4c _build/nrf52832_xxaa/app_util_platform.c.o
                0x0000000000027a58                app_util_critical_region_enter
 .text.app_util_critical_region_exit
                0x0000000000027aa4       0x30 _build/nrf52832_xxaa/app_util_platform.c.o
                0x0000000000027aa4                app_util_critical_region_exit
 .text.drv_rtc_init
                0x0000000000027ad4       0xc8 _build/nrf52832_xxaa/drv_rtc.c.o
                0x0000000000027ad4                drv_rtc_init
 .text.drv_rtc_start
                0x0000000000027b9c        0x8 _build/nrf52832_xxaa/drv_rtc.c.o
                0x0000000000027b9c                drv_rtc_start
 .text.drv_rtc_stop
                0x0000000000027ba4        0x8 _build/nrf52832_xxaa/drv_rtc.c.o
                0x0000000000027ba4                drv_rtc_stop
 .text.drv_rtc_compare_set
                0x0000000000027bac       0x54 _build/nrf52832_xxaa/drv_rtc.c.o
                0x0000000000027bac                drv_rtc_compare_set
 .text.drv_rtc_windowed_compare_set
                0x0000000000027c00       0xf8 _build/nrf52832_xxaa/drv_rtc.c.o
                0x0000000000027c00                drv_rtc_windowed_compare_set
 .text.drv_rtc_overflow_enable
                0x0000000000027cf8       0x14 _build/nrf52832_xxaa/drv_rtc.c.o
                0x0000000000027cf8                drv_rtc_overflow_enable
 .text.drv_rtc_overflow_pending
                0x0000000000027d0c       0x20 _build/nrf52832_xxaa/drv_rtc.c.o
                0x0000000000027d0c                drv_rtc_overflow_pending
 .text.drv_rtc_compare_disable
                0x0000000000027d2c       0x18 _build/nrf52832_xxaa/drv_rtc.c.o
                0x0000000000027d2c                drv_rtc_compare_disable
 .text.drv_rtc_compare_pending
                0x0000000000027d44       0x20 _build/nrf52832_xxaa/drv_rtc.c.o
                0x0000000000027d44                drv_rtc_compare_pending
 .text.drv_rtc_counter_get
                0x0000000000027d64        0x8 _build/nrf52832_xxaa/drv_rtc.c.o
                0x0000000000027d64                drv_rtc_counter_get
 .text.drv_rtc_irq_trigger
                0x0000000000027d6c       0x24 _build/nrf52832_xxaa/drv_rtc.c.o
                0x0000000000027d6c                drv_rtc_irq_trigger
 .text.RTC1_IRQHandler
                0x0000000000027d90       0x14 _build/nrf52832_xxaa/drv_rtc.c.o
                0x0000000000027d90                RTC1_IRQHandler
 .text.nrf_atfifo_init
                0x0000000000027da4       0x30 _build/nrf52832_xxaa/nrf_atfifo.c.o
                0x0000000000027da4                nrf_atfifo_init
 .text.nrf_atfifo_item_alloc
                0x0000000000027dd4       0x64 _build/nrf52832_xxaa/nrf_atfifo.c.o
                0x0000000000027dd4                nrf_atfifo_item_alloc
 .text.nrf_atfifo_item_put
                0x0000000000027e38       0x20 _build/nrf52832_xxaa/nrf_atfifo.c.o
                0x0000000000027e38                nrf_atfifo_item_put
 .text.nrf_atfifo_item_get
                0x0000000000027e58       0x64 _build/nrf52832_xxaa/nrf_atfifo.c.o
                0x0000000000027e58                nrf_atfifo_item_get
 .text.nrf_atfifo_item_free
                0x0000000000027ebc       0x20 _build/nrf52832_xxaa/nrf_atfifo.c.o
                0x0000000000027ebc                nrf_atfifo_item_free
 .text.nrf_atomic_u32_fetch_store
                0x0000000000027edc       0x14 _build/nrf52832_xxaa/nrf_atomic.c.o
                0x0000000000027edc                nrf_atomic_u32_fetch_store
 .text.nrf_atomic_u32_add
                0x0000000000027ef0       0x18 _build/nrf52832_xxaa/nrf_atomic.c.o
                0x0000000000027ef0                nrf_atomic_u32_add
 .text.nrf_atomic_u32_sub
                0x0000000000027f08       0x18 _build/nrf52832_xxaa/nrf_atomic.c.o
                0x0000000000027f08                nrf_atomic_u32_sub
 .text.nrf_atomic_flag_set
                0x0000000000027f20       0x18 _build/nrf52832_xxaa/nrf_atomic.c.o
                0x0000000000027f20                nrf_atomic_flag_set
 .text.nrf_atomic_flag_clear_fetch
                0x0000000000027f38       0x18 _build/nrf52832_xxaa/nrf_atomic.c.o
                0x0000000000027f38                nrf_atomic_flag_clear_fetch
 .text.nrf_balloc_init
                0x0000000000027f50       0x3c _build/nrf52832_xxaa/nrf_balloc.c.o
                0x0000000000027f50                nrf_balloc_init
 .text.nrf_balloc_alloc
                0x0000000000027f8c       0x50 _build/nrf52832_xxaa/nrf_balloc.c.o
                0x0000000000027f8c                nrf_balloc_alloc
 .text.nrf_balloc_free
                0x0000000000027fdc       0x38 _build/nrf52832_xxaa/nrf_balloc.c.o
                0x0000000000027fdc                nrf_balloc_free
 .text.nrf_fprintf_buffer_flush
                0x0000000000028014       0x18 _build/nrf52832_xxaa/nrf_fprintf.c.o
                0x0000000000028014                nrf_fprintf_buffer_flush
 .text.nrf_fprintf
                0x000000000002802c       0x20 _build/nrf52832_xxaa/nrf_fprintf.c.o
                0x000000000002802c                nrf_fprintf
 .text.unsigned_print
                0x000000000002804c      0x160 _build/nrf52832_xxaa/nrf_fprintf_format.c.o
 .text.nrf_fprintf_fmt
                0x00000000000281ac      0x584 _build/nrf52832_xxaa/nrf_fprintf_format.c.o
                0x00000000000281ac                nrf_fprintf_fmt
 .text.nrf_memobj_pool_init
                0x0000000000028730        0x4 _build/nrf52832_xxaa/nrf_memobj.c.o
                0x0000000000028730                nrf_memobj_pool_init
 .text.nrf_memobj_alloc
                0x0000000000028734       0x94 _build/nrf52832_xxaa/nrf_memobj.c.o
                0x0000000000028734                nrf_memobj_alloc
 .text.nrf_memobj_get
                0x00000000000287c8        0x8 _build/nrf52832_xxaa/nrf_memobj.c.o
                0x00000000000287c8                nrf_memobj_get
 .text.nrf_memobj_put
                0x00000000000287d0       0x58 _build/nrf52832_xxaa/nrf_memobj.c.o
                0x00000000000287d0                nrf_memobj_put
 .text.nrf_memobj_write
                0x0000000000028828       0x68 _build/nrf52832_xxaa/nrf_memobj.c.o
                0x0000000000028828                nrf_memobj_write
 .text.nrf_memobj_read
                0x0000000000028890       0x68 _build/nrf52832_xxaa/nrf_memobj.c.o
                0x0000000000028890                nrf_memobj_read
 .text.sd_app_evt_wait
                0x00000000000288f8        0x4 _build/nrf52832_xxaa/nrf_pwr_mgmt.c.o
 .text.nrf_pwr_mgmt_init
                0x00000000000288fc       0x2c _build/nrf52832_xxaa/nrf_pwr_mgmt.c.o
                0x00000000000288fc                nrf_pwr_mgmt_init
 .text.nrf_pwr_mgmt_run
                0x0000000000028928       0x54 _build/nrf52832_xxaa/nrf_pwr_mgmt.c.o
                0x0000000000028928                nrf_pwr_mgmt_run
 .text.nrf_ringbuf_init
                0x000000000002897c       0x1c _build/nrf52832_xxaa/nrf_ringbuf.c.o
                0x000000000002897c                nrf_ringbuf_init
 .text.nrf_section_iter_init
                0x0000000000028998       0x14 _build/nrf52832_xxaa/nrf_section_iter.c.o
                0x0000000000028998                nrf_section_iter_init
 .text.nrf_section_iter_next
                0x00000000000289ac       0x18 _build/nrf52832_xxaa/nrf_section_iter.c.o
                0x00000000000289ac                nrf_section_iter_next
 .text.nrf_sortlist_add
                0x00000000000289c4       0x28 _build/nrf52832_xxaa/nrf_sortlist.c.o
                0x00000000000289c4                nrf_sortlist_add
 .text.nrf_sortlist_pop
                0x00000000000289ec        0xc _build/nrf52832_xxaa/nrf_sortlist.c.o
                0x00000000000289ec                nrf_sortlist_pop
 .text.nrf_sortlist_peek
                0x00000000000289f8        0x8 _build/nrf52832_xxaa/nrf_sortlist.c.o
                0x00000000000289f8                nrf_sortlist_peek
 .text.nrf_sortlist_remove
                0x0000000000028a00       0x1c _build/nrf52832_xxaa/nrf_sortlist.c.o
                0x0000000000028a00                nrf_sortlist_remove
 .text.nrf_strerror_get
                0x0000000000028a1c       0x4c _build/nrf52832_xxaa/nrf_strerror.c.o
                0x0000000000028a1c                nrf_strerror_get
 .text.SystemInit
                0x0000000000028a68      0x3d8 _build/nrf52832_xxaa/system_nrf52.c.o
                0x0000000000028a68                SystemInit
 .text.bsp_board_led_state_get
                0x0000000000028e40       0x1c _build/nrf52832_xxaa/boards.c.o
                0x0000000000028e40                bsp_board_led_state_get
 .text.bsp_board_led_on
                0x0000000000028e5c       0x18 _build/nrf52832_xxaa/boards.c.o
                0x0000000000028e5c                bsp_board_led_on
 .text.bsp_board_led_off
                0x0000000000028e74       0x18 _build/nrf52832_xxaa/boards.c.o
                0x0000000000028e74                bsp_board_led_off
 .text.bsp_board_leds_off
                0x0000000000028e8c       0x2c _build/nrf52832_xxaa/boards.c.o
                0x0000000000028e8c                bsp_board_leds_off
 .text.bsp_board_leds_on
                0x0000000000028eb8       0x2c _build/nrf52832_xxaa/boards.c.o
                0x0000000000028eb8                bsp_board_leds_on
 .text.bsp_board_led_invert
                0x0000000000028ee4       0x24 _build/nrf52832_xxaa/boards.c.o
                0x0000000000028ee4                bsp_board_led_invert
 .text.bsp_board_pin_to_button_idx
                0x0000000000028f08       0x24 _build/nrf52832_xxaa/boards.c.o
                0x0000000000028f08                bsp_board_pin_to_button_idx
 .text.bsp_board_init
                0x0000000000028f2c       0x5c _build/nrf52832_xxaa/boards.c.o
                0x0000000000028f2c                bsp_board_init
 .text.clock_irq_handler
                0x0000000000028f88       0x44 _build/nrf52832_xxaa/nrf_drv_clock.c.o
 .text.soc_evt_handler
                0x0000000000028fcc       0x28 _build/nrf52832_xxaa/nrf_drv_clock.c.o
 .text.sd_state_evt_handler
                0x0000000000028ff4       0xc8 _build/nrf52832_xxaa/nrf_drv_clock.c.o
 .text.uarte_evt_handler
                0x00000000000290bc       0x34 _build/nrf52832_xxaa/nrf_drv_uart.c.o
 .text.uart_evt_handler
                0x00000000000290f0       0x34 _build/nrf52832_xxaa/nrf_drv_uart.c.o
 .text.nrf_drv_uart_init
                0x0000000000029124       0x74 _build/nrf52832_xxaa/nrf_drv_uart.c.o
                0x0000000000029124                nrf_drv_uart_init
 .text.nrfx_clock_init
                0x0000000000029198       0x18 _build/nrf52832_xxaa/nrfx_clock.c.o
                0x0000000000029198                nrfx_clock_init
 .text.nrfx_clock_enable
                0x00000000000291b0       0x24 _build/nrf52832_xxaa/nrfx_clock.c.o
                0x00000000000291b0                nrfx_clock_enable
 .text.nrfx_clock_lfclk_stop
                0x00000000000291d4       0x2c _build/nrf52832_xxaa/nrfx_clock.c.o
                0x00000000000291d4                nrfx_clock_lfclk_stop
 .text.POWER_CLOCK_IRQHandler
                0x0000000000029200       0x70 _build/nrf52832_xxaa/nrfx_clock.c.o
                0x0000000000029200                POWER_CLOCK_IRQHandler
 .text.nrfx_gpiote_init
                0x0000000000029270       0xa8 _build/nrf52832_xxaa/nrfx_gpiote.c.o
                0x0000000000029270                nrfx_gpiote_init
 .text.nrfx_gpiote_is_init
                0x0000000000029318       0x14 _build/nrf52832_xxaa/nrfx_gpiote.c.o
                0x0000000000029318                nrfx_gpiote_is_init
 .text.nrfx_gpiote_in_init
                0x000000000002932c      0x1e8 _build/nrf52832_xxaa/nrfx_gpiote.c.o
                0x000000000002932c                nrfx_gpiote_in_init
 .text.nrfx_gpiote_in_event_enable
                0x0000000000029514       0xc4 _build/nrf52832_xxaa/nrfx_gpiote.c.o
                0x0000000000029514                nrfx_gpiote_in_event_enable
 .text.nrfx_gpiote_in_is_set
                0x00000000000295d8       0x14 _build/nrf52832_xxaa/nrfx_gpiote.c.o
                0x00000000000295d8                nrfx_gpiote_in_is_set
 .text.GPIOTE_IRQHandler
                0x00000000000295ec      0x444 _build/nrf52832_xxaa/nrfx_gpiote.c.o
                0x00000000000295ec                GPIOTE_IRQHandler
 .text.UARTE0_UART0_IRQHandler
                0x0000000000029a30        0xc _build/nrf52832_xxaa/nrfx_prs.c.o
                0x0000000000029a30                UARTE0_UART0_IRQHandler
 .text.nrfx_prs_acquire
                0x0000000000029a3c       0x4c _build/nrf52832_xxaa/nrfx_prs.c.o
                0x0000000000029a3c                nrfx_prs_acquire
 .text.nrfx_prs_release
                0x0000000000029a88       0x18 _build/nrf52832_xxaa/nrfx_prs.c.o
                0x0000000000029a88                nrfx_prs_release
 .text.nrfx_uart_0_irq_handler
                0x0000000000029aa0      0x1d0 _build/nrf52832_xxaa/nrfx_uart.c.o
                0x0000000000029aa0                nrfx_uart_0_irq_handler
 .text.nrfx_uart_init
                0x0000000000029c70      0x19c _build/nrf52832_xxaa/nrfx_uart.c.o
                0x0000000000029c70                nrfx_uart_init
 .text.nrfx_uart_uninit
                0x0000000000029e0c       0xdc _build/nrf52832_xxaa/nrfx_uart.c.o
                0x0000000000029e0c                nrfx_uart_uninit
 .text.nrfx_uart_tx
                0x0000000000029ee8       0xd8 _build/nrf52832_xxaa/nrfx_uart.c.o
                0x0000000000029ee8                nrfx_uart_tx
 .text.nrfx_uarte_0_irq_handler
                0x0000000000029fc0      0x178 _build/nrf52832_xxaa/nrfx_uarte.c.o
                0x0000000000029fc0                nrfx_uarte_0_irq_handler
 .text.nrfx_uarte_init
                0x000000000002a138      0x1d0 _build/nrf52832_xxaa/nrfx_uarte.c.o
                0x000000000002a138                nrfx_uarte_init
 .text.nrfx_uarte_uninit
                0x000000000002a308      0x140 _build/nrf52832_xxaa/nrfx_uarte.c.o
                0x000000000002a308                nrfx_uarte_uninit
 .text.nrfx_uarte_tx
                0x000000000002a448       0xb0 _build/nrf52832_xxaa/nrfx_uarte.c.o
                0x000000000002a448                nrfx_uarte_tx
 .text.alert_timer_handler
                0x000000000002a4f8        0x8 _build/nrf52832_xxaa/bsp.c.o
 .text.bsp_button_event_handler
                0x000000000002a500       0xa4 _build/nrf52832_xxaa/bsp.c.o
 .text.button_timer_handler
                0x000000000002a5a4       0x30 _build/nrf52832_xxaa/bsp.c.o
 .text.bsp_led_indication
                0x000000000002a5d4      0x300 _build/nrf52832_xxaa/bsp.c.o
 .text.leds_timer_handler
                0x000000000002a8d4       0x1c _build/nrf52832_xxaa/bsp.c.o
 .text.bsp_indication_set
                0x000000000002a8f0       0x18 _build/nrf52832_xxaa/bsp.c.o
                0x000000000002a8f0                bsp_indication_set
 .text.bsp_init
                0x000000000002a908       0xbc _build/nrf52832_xxaa/bsp.c.o
                0x000000000002a908                bsp_init
 .text.sd_ble_gap_adv_set_configure
                0x000000000002a9c4        0x4 _build/nrf52832_xxaa/main.c.o
 .text.sd_ble_gap_adv_start
                0x000000000002a9c8        0x4 _build/nrf52832_xxaa/main.c.o
 .text.startup.main
                0x000000000002a9cc      0x148 _build/nrf52832_xxaa/main.c.o
                0x000000000002a9cc                main
 .text.sd_ble_gap_addr_get
                0x000000000002ab14        0x4 _build/nrf52832_xxaa/ble_advdata.c.o
 .text.sd_ble_gap_appearance_get
                0x000000000002ab18        0x4 _build/nrf52832_xxaa/ble_advdata.c.o
 .text.sd_ble_gap_device_name_get
                0x000000000002ab1c        0x4 _build/nrf52832_xxaa/ble_advdata.c.o
 .text.sd_ble_uuid_encode
                0x000000000002ab20        0x4 _build/nrf52832_xxaa/ble_advdata.c.o
 .text.uuid_list_sized_encode
                0x000000000002ab24       0xe4 _build/nrf52832_xxaa/ble_advdata.c.o
 .text.ble_advdata_encode
                0x000000000002ac08      0x3f0 _build/nrf52832_xxaa/ble_advdata.c.o
                0x000000000002ac08                ble_advdata_encode
 .text.sd_softdevice_enable
                0x000000000002aff8        0x4 _build/nrf52832_xxaa/nrf_sdh.c.o
 .text.nrf_sdh_enable_request
                0x000000000002affc      0x11c _build/nrf52832_xxaa/nrf_sdh.c.o
                0x000000000002affc                nrf_sdh_enable_request
 .text.nrf_sdh_is_enabled
                0x000000000002b118        0xc _build/nrf52832_xxaa/nrf_sdh.c.o
                0x000000000002b118                nrf_sdh_is_enabled
 .text.SWI2_EGU2_IRQHandler
                0x000000000002b124       0x2c _build/nrf52832_xxaa/nrf_sdh.c.o
                0x000000000002b124                SWI2_EGU2_IRQHandler
 .text.sd_ble_enable
                0x000000000002b150        0x4 _build/nrf52832_xxaa/nrf_sdh_ble.c.o
 .text.sd_ble_cfg_set
                0x000000000002b154        0x4 _build/nrf52832_xxaa/nrf_sdh_ble.c.o
 .text.sd_ble_evt_get
                0x000000000002b158        0x4 _build/nrf52832_xxaa/nrf_sdh_ble.c.o
 .text.nrf_sdh_ble_evts_poll
                0x000000000002b15c       0x60 _build/nrf52832_xxaa/nrf_sdh_ble.c.o
 .text.nrf_sdh_ble_default_cfg_set
                0x000000000002b1bc      0x178 _build/nrf52832_xxaa/nrf_sdh_ble.c.o
                0x000000000002b1bc                nrf_sdh_ble_default_cfg_set
 .text.nrf_sdh_ble_enable
                0x000000000002b334       0xa0 _build/nrf52832_xxaa/nrf_sdh_ble.c.o
                0x000000000002b334                nrf_sdh_ble_enable
 .text.sd_evt_get
                0x000000000002b3d4        0x4 _build/nrf52832_xxaa/nrf_sdh_soc.c.o
 .text.nrf_sdh_soc_evts_poll
                0x000000000002b3d8       0x50 _build/nrf52832_xxaa/nrf_sdh_soc.c.o
 .text          0x000000000002b428        0xc /usr/lib/gcc/arm-none-eabi/10.3.1/../../../arm-none-eabi/lib/thumb/v7e-m+fp/hard/libc_nano.a(lib_a-atexit.o)
                0x000000000002b428                atexit
 .text          0x000000000002b434       0x28 /usr/lib/gcc/arm-none-eabi/10.3.1/../../../arm-none-eabi/lib/thumb/v7e-m+fp/hard/libc_nano.a(lib_a-exit.o)
                0x000000000002b434                exit
 .text          0x000000000002b45c       0x2c /usr/lib/gcc/arm-none-eabi/10.3.1/../../../arm-none-eabi/lib/thumb/v7e-m+fp/hard/libc_nano.a(lib_a-fini.o)
                0x000000000002b45c                __libc_fini_array
 .text          0x000000000002b488       0x48 /usr/lib/gcc/arm-none-eabi/10.3.1/../../../arm-none-eabi/lib/thumb/v7e-m+fp/hard/libc_nano.a(lib_a-init.o)
                0x000000000002b488                __libc_init_array
 .text          0x000000000002b4d0      0x134 /usr/lib/gcc/arm-none-eabi/10.3.1/../../../arm-none-eabi/lib/thumb/v7e-m+fp/hard/libc_nano.a(lib_a-memcpy.o)
                0x000000000002b4d0                memcpy
 .text          0x000000000002b604       0xa4 /usr/lib/gcc/arm-none-eabi/10.3.1/../../../arm-none-eabi/lib/thumb/v7e-m+fp/hard/libc_nano.a(lib_a-memset.o)
                0x000000000002b604                memset
 *fill*         0x000000000002b6a8       0x18 
 .text          0x000000000002b6c0       0xdc /usr/lib/gcc/arm-none-eabi/10.3.1/../../../arm-none-eabi/lib/thumb/v7e-m+fp/hard/libc_nano.a(lib_a-strlen.o)
                0x000000000002b6c0                strlen
 .text          0x000000000002b79c       0xac /usr/lib/gcc/arm-none-eabi/10.3.1/../../../arm-none-eabi/lib/thumb/v7e-m+fp/hard/libc_nano.a(lib_a-__atexit.o)
                0x000000000002b79c                __register_exitproc
 .text          0x000000000002b848       0xc8 /usr/lib/gcc/arm-none-eabi/10.3.1/../../../arm-none-eabi/lib/thumb/v7e-m+fp/hard/libc_nano.a(lib_a-__call_atexit.o)
                0x000000000002b848                __call_exitprocs
 .text          0x000000000002b910        0x4 /usr/lib/gcc/arm-none-eabi/10.3.1/../../../arm-none-eabi/lib/thumb/v7e-m+fp/hard/libnosys.a(_exit.o)
                0x000000000002b910                _exit
 .text          0x000000000002b914       0x30 /usr/lib/gcc/arm-none-eabi/10.3.1/thumb/v7e-m+fp/hard/libgcc.a(_aeabi_uldivmod.o)
                0x000000000002b914                __aeabi_uldivmod
 .text          0x000000000002b944      0x2d0 /usr/lib/gcc/arm-none-eabi/10.3.1/thumb/v7e-m+fp/hard/libgcc.a(_udivmoddi4.o)
                0x000000000002b944                __udivmoddi4
 .text          0x000000000002bc14        0x4 /usr/lib/gcc/arm-none-eabi/10.3.1/thumb/v7e-m+fp/hard/libgcc.a(_dvmd_tls.o)
                0x000000000002bc14                __aeabi_ldiv0
                0x000000000002bc14                __aeabi_idiv0
 *(.init)
 .init          0x000000000002bc18        0x4 /usr/lib/gcc/arm-none-eabi/10.3.1/thumb/v7e-m+fp/hard/crti.o
                0x000000000002bc18                _init
 .init          0x000000000002bc1c        0x8 /usr/lib/gcc/arm-none-eabi/10.3.1/thumb/v7e-m+fp/hard/crtn.o
 *(.fini)
 .fini          0x000000000002bc24        0x4 /usr/lib/gcc/arm-none-eabi/10.3.1/thumb/v7e-m+fp/hard/crti.o
                0x000000000002bc24                _fini
 .fini          0x000000000002bc28        0x8 /usr/lib/gcc/arm-none-eabi/10.3.1/thumb/v7e-m+fp/hard/crtn.o
 *crtbegin.o(.ctors)
 *crtbegin?.o(.ctors)
 *(EXCLUDE_FILE(*crtend.o *crtend?.o) .ctors)
 *(SORT_BY_NAME(.ctors.*))
 *(.ctors)
 *crtbegin.o(.dtors)
 *crtbegin?.o(.dtors)
 *(EXCLUDE_FILE(*crtend.o *crtend?.o) .dtors)
 *(SORT_BY_NAME(.dtors.*))
 *(.dtors)
 *(.rodata*)
 .rodata        0x000000000002bc30       0x20 _build/nrf52832_xxaa/nrf_log_backend_uart.c.o
 .rodata.nrf_log_backend_uart_api
                0x000000000002bc50        0xc _build/nrf52832_xxaa/nrf_log_backend_uart.c.o
                0x000000000002bc50                nrf_log_backend_uart_api
 .rodata.str1.4
                0x000000000002bc5c       0x11 _build/nrf52832_xxaa/nrf_log_default_backends.c.o
 *fill*         0x000000000002bc6d        0x3 
 .rodata.nrf_log_frontend_dequeue.str1.4
                0x000000000002bc70       0x11 _build/nrf52832_xxaa/nrf_log_frontend.c.o
 *fill*         0x000000000002bc81        0x3 
 .rodata.str1.4
                0x000000000002bc84        0x4 _build/nrf52832_xxaa/nrf_log_frontend.c.o
 .rodata.m_log_push_ringbuf
                0x000000000002bc88        0xc _build/nrf52832_xxaa/nrf_log_frontend.c.o
 .rodata.prefix_process.str1.4
                0x000000000002bc94       0x36 _build/nrf52832_xxaa/nrf_log_str_formatter.c.o
 *fill*         0x000000000002bcca        0x2 
 .rodata.nrf_log_std_entry_process.str1.4
                0x000000000002bccc        0x3 _build/nrf52832_xxaa/nrf_log_str_formatter.c.o
 *fill*         0x000000000002bccf        0x1 
 .rodata.nrf_log_hexdump_entry_process.str1.4
                0x000000000002bcd0       0x13 _build/nrf52832_xxaa/nrf_log_str_formatter.c.o
                                         0x16 (size before relaxing)
 *fill*         0x000000000002bce3        0x1 
 .rodata.str1.4
                0x000000000002bce4       0x56 _build/nrf52832_xxaa/nrf_log_str_formatter.c.o
 *fill*         0x000000000002bd3a        0x2 
 .rodata.m_colors
                0x000000000002bd3c       0x24 _build/nrf52832_xxaa/nrf_log_str_formatter.c.o
 .rodata.severity_names
                0x000000000002bd60       0x14 _build/nrf52832_xxaa/nrf_log_str_formatter.c.o
 .rodata.str1.4
                0x000000000002bd74        0xb _build/nrf52832_xxaa/app_button.c.o
 *fill*         0x000000000002bd7f        0x1 
 .rodata.m_detection_delay_timer_id
                0x000000000002bd80        0x4 _build/nrf52832_xxaa/app_button.c.o
 .rodata.app_error_fault_handler.str1.4
                0x000000000002bd84       0x19 _build/nrf52832_xxaa/app_error_weak.c.o
 *fill*         0x000000000002bd9d        0x3 
 .rodata.str1.4
                0x000000000002bda0        0xa _build/nrf52832_xxaa/app_timer2.c.o
 *fill*         0x000000000002bdaa        0x2 
 .rodata        0x000000000002bdac        0x4 _build/nrf52832_xxaa/app_timer2.c.o
 .rodata.m_app_timer_sortlist
                0x000000000002bdb0        0xc _build/nrf52832_xxaa/app_timer2.c.o
 .rodata.drv_rtc_init.str1.4
                0x000000000002bdbc       0x36 _build/nrf52832_xxaa/drv_rtc.c.o
 *fill*         0x000000000002bdf2        0xe 
 .rodata.delay_machine_code.0
                0x000000000002be00        0x6 _build/nrf52832_xxaa/drv_rtc.c.o
 *fill*         0x000000000002be06        0x2 
 .rodata._aV2C.0
                0x000000000002be08       0x10 _build/nrf52832_xxaa/nrf_fprintf_format.c.o
 .rodata.str1.4
                0x000000000002be18        0x9 _build/nrf52832_xxaa/nrf_pwr_mgmt.c.o
 *fill*         0x000000000002be21        0x3 
 .rodata.pwr_mgmt_data
                0x000000000002be24        0xc _build/nrf52832_xxaa/nrf_pwr_mgmt.c.o
 .rodata.str1.4
                0x000000000002be30        0x9 _build/nrf52832_xxaa/nrf_sortlist.c.o
 *fill*         0x000000000002be39        0x3 
 .rodata.str1.4
                0x000000000002be3c      0x3e9 _build/nrf52832_xxaa/nrf_strerror.c.o
 *fill*         0x000000000002c225        0x3 
 .rodata.m_unknown_str
                0x000000000002c228       0x13 _build/nrf52832_xxaa/nrf_strerror.c.o
 *fill*         0x000000000002c23b        0x1 
 .rodata.nrf_strerror_array
                0x000000000002c23c      0x128 _build/nrf52832_xxaa/nrf_strerror.c.o
 .rodata.CSWTCH.15
                0x000000000002c364        0x5 _build/nrf52832_xxaa/system_nrf52.c.o
 *fill*         0x000000000002c369        0x3 
 .rodata.CSWTCH.19
                0x000000000002c36c        0x5 _build/nrf52832_xxaa/system_nrf52.c.o
 *fill*         0x000000000002c371        0x3 
 .rodata.CSWTCH.21
                0x000000000002c374        0x5 _build/nrf52832_xxaa/system_nrf52.c.o
 *fill*         0x000000000002c379        0x3 
 .rodata.CSWTCH.5
                0x000000000002c37c        0x5 _build/nrf52832_xxaa/system_nrf52.c.o
 *fill*         0x000000000002c381        0x3 
 .rodata.m_board_led_list
                0x000000000002c384        0x4 _build/nrf52832_xxaa/boards.c.o
 .rodata.str1.4
                0x000000000002c388        0x6 _build/nrf52832_xxaa/nrf_drv_clock.c.o
 *fill*         0x000000000002c38e        0x2 
 .rodata.str1.4
                0x000000000002c390        0x6 _build/nrf52832_xxaa/nrfx_clock.c.o
 *fill*         0x000000000002c396        0x2 
 .rodata.str1.4
                0x000000000002c398        0x7 _build/nrf52832_xxaa/nrfx_gpiote.c.o
 *fill*         0x000000000002c39f        0x1 
 .rodata.str1.4
                0x000000000002c3a0        0x4 _build/nrf52832_xxaa/nrfx_prs.c.o
 .rodata.str1.4
                0x000000000002c3a4        0x5 _build/nrf52832_xxaa/nrfx_uart.c.o
 *fill*         0x000000000002c3a9        0x3 
 .rodata.str1.4
                0x000000000002c3ac        0x6 _build/nrf52832_xxaa/nrfx_uarte.c.o
 *fill*         0x000000000002c3b2        0x2 
 .rodata.app_buttons
                0x000000000002c3b4       0x20 _build/nrf52832_xxaa/bsp.c.o
 .rodata.m_bsp_alert_tmr
                0x000000000002c3d4        0x4 _build/nrf52832_xxaa/bsp.c.o
 .rodata.m_bsp_button_tmr
                0x000000000002c3d8        0x4 _build/nrf52832_xxaa/bsp.c.o
 .rodata.m_bsp_leds_tmr
                0x000000000002c3dc        0x4 _build/nrf52832_xxaa/bsp.c.o
 .rodata.main.str1.4
                0x000000000002c3e0       0x18 _build/nrf52832_xxaa/main.c.o
 .rodata.str1.4
                0x000000000002c3f8        0x8 _build/nrf52832_xxaa/nrf_sdh.c.o
 .rodata        0x000000000002c400        0x4 _build/nrf52832_xxaa/nrf_sdh.c.o
 .rodata.sdh_req_observers
                0x000000000002c404        0xc _build/nrf52832_xxaa/nrf_sdh.c.o
 .rodata.sdh_stack_observers
                0x000000000002c410        0xc _build/nrf52832_xxaa/nrf_sdh.c.o
 .rodata.sdh_state_observers
                0x000000000002c41c        0xc _build/nrf52832_xxaa/nrf_sdh.c.o
 .rodata.nrf_sdh_ble_default_cfg_set.str1.4
                0x000000000002c428      0x187 _build/nrf52832_xxaa/nrf_sdh_ble.c.o
 *fill*         0x000000000002c5af        0x1 
 .rodata.nrf_sdh_ble_enable.str1.4
                0x000000000002c5b0       0xad _build/nrf52832_xxaa/nrf_sdh_ble.c.o
 *fill*         0x000000000002c65d        0x3 
 .rodata.str1.4
                0x000000000002c660        0xc _build/nrf52832_xxaa/nrf_sdh_ble.c.o
 .rodata.sdh_ble_observers
                0x000000000002c66c        0xc _build/nrf52832_xxaa/nrf_sdh_ble.c.o
 .rodata.str1.4
                0x000000000002c678        0xc _build/nrf52832_xxaa/nrf_sdh_soc.c.o
 .rodata.sdh_soc_observers
                0x000000000002c684        0xc _build/nrf52832_xxaa/nrf_sdh_soc.c.o
 .rodata        0x000000000002c690      0x101 /usr/lib/gcc/arm-none-eabi/10.3.1/../../../arm-none-eabi/lib/thumb/v7e-m+fp/hard/libc_nano.a(lib_a-ctype_.o)
                0x000000000002c690                _ctype_
 *fill*         0x000000000002c791        0x3 
 .rodata        0x000000000002c794        0x4 /usr/lib/gcc/arm-none-eabi/10.3.1/../../../arm-none-eabi/lib/thumb/v7e-m+fp/hard/libc_nano.a(lib_a-impure.o)
                0x000000000002c794                _global_impure_ptr
 *(.eh_frame*)
 .eh_frame      0x000000000002c798        0x0 /usr/lib/gcc/arm-none-eabi/10.3.1/thumb/v7e-m+fp/hard/crtbegin.o
 .eh_frame      0x000000000002c798        0x4 /usr/lib/gcc/arm-none-eabi/10.3.1/thumb/v7e-m+fp/hard/crtend.o

.glue_7         0x000000000002c79c        0x0
 .glue_7        0x000000000002c79c        0x0 linker stubs

.glue_7t        0x000000000002c79c        0x0
 .glue_7t       0x000000000002c79c        0x0 linker stubs

.vfp11_veneer   0x000000000002c79c        0x0
 .vfp11_veneer  0x000000000002c79c        0x0 linker stubs

.v4_bx          0x000000000002c79c        0x0
 .v4_bx         0x000000000002c79c        0x0 linker stubs

.iplt           0x000000000002c79c        0x0
 .iplt          0x000000000002c79c        0x0 /usr/lib/gcc/arm-none-eabi/10.3.1/thumb/v7e-m+fp/hard/crtbegin.o

.mem_section_dummy_rom

.sdh_soc_observers
                0x000000000002c79c        0x8
                0x000000000002c79c                PROVIDE (__start_sdh_soc_observers = .)
 *(SORT_BY_NAME(.sdh_soc_observers*))
 .sdh_soc_observers0
                0x000000000002c79c        0x8 _build/nrf52832_xxaa/nrf_drv_clock.c.o
                0x000000000002c7a4                PROVIDE (__stop_sdh_soc_observers = .)

.sdh_ble_observers
                0x000000000002c7a4        0x0
                0x000000000002c7a4                PROVIDE (__start_sdh_ble_observers = .)
 *(SORT_BY_NAME(.sdh_ble_observers*))
                0x000000000002c7a4                PROVIDE (__stop_sdh_ble_observers = .)

.pwr_mgmt_data  0x000000000002c7a4        0x0
                0x000000000002c7a4                PROVIDE (__start_pwr_mgmt_data = .)
 *(SORT_BY_NAME(.pwr_mgmt_data*))
                0x000000000002c7a4                PROVIDE (__stop_pwr_mgmt_data = .)

.sdh_req_observers
                0x000000000002c7a4        0x0
                0x000000000002c7a4                PROVIDE (__start_sdh_req_observers = .)
 *(SORT_BY_NAME(.sdh_req_observers*))
                0x000000000002c7a4                PROVIDE (__stop_sdh_req_observers = .)

.sdh_state_observers
                0x000000000002c7a4        0x8
                0x000000000002c7a4                PROVIDE (__start_sdh_state_observers = .)
 *(SORT_BY_NAME(.sdh_state_observers*))
 .sdh_state_observers0
                0x000000000002c7a4        0x8 _build/nrf52832_xxaa/nrf_drv_clock.c.o
                0x000000000002c7ac                PROVIDE (__stop_sdh_state_observers = .)

.sdh_stack_observers
                0x000000000002c7ac       0x10
                0x000000000002c7ac                PROVIDE (__start_sdh_stack_observers = .)
 *(SORT_BY_NAME(.sdh_stack_observers*))
 .sdh_stack_observers0
                0x000000000002c7ac        0x8 _build/nrf52832_xxaa/nrf_sdh_ble.c.o
 .sdh_stack_observers0
                0x000000000002c7b4        0x8 _build/nrf52832_xxaa/nrf_sdh_soc.c.o
                0x000000000002c7bc                PROVIDE (__stop_sdh_stack_observers = .)

.nrf_queue      0x000000000002c7bc        0x0
                [!provide]                        PROVIDE (__start_nrf_queue = .)
 *(.nrf_queue)
                [!provide]                        PROVIDE (__stop_nrf_queue = .)

.nrf_balloc     0x000000000002c7bc       0x14
                [!provide]                        PROVIDE (__start_nrf_balloc = .)
 *(.nrf_balloc)
 .nrf_balloc    0x000000000002c7bc       0x14 _build/nrf52832_xxaa/nrf_log_frontend.c.o
                0x000000000002c7bc                log_mempool
                [!provide]                        PROVIDE (__stop_nrf_balloc = .)

.cli_command    0x000000000002c7d0        0x0
                [!provide]                        PROVIDE (__start_cli_command = .)
 *(.cli_command)
                [!provide]                        PROVIDE (__stop_cli_command = .)

.crypto_data    0x000000000002c7d0        0x0
                [!provide]                        PROVIDE (__start_crypto_data = .)
 *(SORT_BY_NAME(.crypto_data*))
                [!provide]                        PROVIDE (__stop_crypto_data = .)

.log_const_data
                0x000000000002c7d0       0x70
                0x000000000002c7d0                PROVIDE (__start_log_const_data = .)
 *(SORT_BY_NAME(.log_const_data*))
 .log_const_data_CLOCK
                0x000000000002c7d0        0x8 _build/nrf52832_xxaa/nrfx_clock.c.o
                0x000000000002c7d0                m_nrf_log_CLOCK_logs_data_const
 .log_const_data_GPIOTE
                0x000000000002c7d8        0x8 _build/nrf52832_xxaa/nrfx_gpiote.c.o
                0x000000000002c7d8                m_nrf_log_GPIOTE_logs_data_const
 .log_const_data_PRS
                0x000000000002c7e0        0x8 _build/nrf52832_xxaa/nrfx_prs.c.o
                0x000000000002c7e0                m_nrf_log_PRS_logs_data_const
 .log_const_data_UART
                0x000000000002c7e8        0x8 _build/nrf52832_xxaa/nrfx_uart.c.o
                0x000000000002c7e8                m_nrf_log_UART_logs_data_const
 .log_const_data_UARTE
                0x000000000002c7f0        0x8 _build/nrf52832_xxaa/nrfx_uarte.c.o
                0x000000000002c7f0                m_nrf_log_UARTE_logs_data_const
 .log_const_data_app
                0x000000000002c7f8        0x8 _build/nrf52832_xxaa/nrf_log_frontend.c.o
                0x000000000002c7f8                m_nrf_log_app_logs_data_const
 .log_const_data_app_button
                0x000000000002c800        0x8 _build/nrf52832_xxaa/app_button.c.o
                0x000000000002c800                m_nrf_log_app_button_logs_data_const
 .log_const_data_app_timer
                0x000000000002c808        0x8 _build/nrf52832_xxaa/app_timer2.c.o
                0x000000000002c808                m_nrf_log_app_timer_logs_data_const
 .log_const_data_clock
                0x000000000002c810        0x8 _build/nrf52832_xxaa/nrf_drv_clock.c.o
                0x000000000002c810                m_nrf_log_clock_logs_data_const
 .log_const_data_nrf_sdh
                0x000000000002c818        0x8 _build/nrf52832_xxaa/nrf_sdh.c.o
                0x000000000002c818                m_nrf_log_nrf_sdh_logs_data_const
 .log_const_data_nrf_sdh_ble
                0x000000000002c820        0x8 _build/nrf52832_xxaa/nrf_sdh_ble.c.o
                0x000000000002c820                m_nrf_log_nrf_sdh_ble_logs_data_const
 .log_const_data_nrf_sdh_soc
                0x000000000002c828        0x8 _build/nrf52832_xxaa/nrf_sdh_soc.c.o
                0x000000000002c828                m_nrf_log_nrf_sdh_soc_logs_data_const
 .log_const_data_pwr_mgmt
                0x000000000002c830        0x8 _build/nrf52832_xxaa/nrf_pwr_mgmt.c.o
                0x000000000002c830                m_nrf_log_pwr_mgmt_logs_data_const
 .log_const_data_sortlist
                0x000000000002c838        0x8 _build/nrf52832_xxaa/nrf_sortlist.c.o
                0x000000000002c838                m_nrf_log_sortlist_logs_data_const
                0x000000000002c840                PROVIDE (__stop_log_const_data = .)

.log_backends   0x000000000002c840       0x10
                [!provide]                        PROVIDE (__start_log_backends = .)
 *(SORT_BY_NAME(.log_backends*))
 .log_backends  0x000000000002c840       0x10 _build/nrf52832_xxaa/nrf_log_default_backends.c.o
                [!provide]                        PROVIDE (__stop_log_backends = .)

.ARM.extab
 *(.ARM.extab* .gnu.linkonce.armextab.*)
                0x000000000002c850                __exidx_start = .

.ARM.exidx      0x000000000002c850        0x8
 *(.ARM.exidx* .gnu.linkonce.armexidx.*)
 .ARM.exidx     0x000000000002c850        0x8 /usr/lib/gcc/arm-none-eabi/10.3.1/../../../arm-none-eabi/lib/thumb/v7e-m+fp/hard/crt0.o
                                         0x10 (size before relaxing)
 .ARM.exidx     0x000000000002c858        0x0 /usr/lib/gcc/arm-none-eabi/10.3.1/thumb/v7e-m+fp/hard/libgcc.a(_udivmoddi4.o)
                                          0x8 (size before relaxing)
                0x000000000002c858                __exidx_end = .

.rel.dyn        0x000000000002c858        0x0
 .rel.iplt      0x000000000002c858        0x0 /usr/lib/gcc/arm-none-eabi/10.3.1/thumb/v7e-m+fp/hard/crtbegin.o
                0x000000000002c858                . = ALIGN (0x4)
                0x000000000002c858                __etext = .

.data           0x00000000200018c8      0x148 load address 0x000000000002c858
                0x00000000200018c8                __data_start__ = .
 *(vtable)
 *(.data*)
 .data.m_uart   0x00000000200018c8       0x14 _build/nrf52832_xxaa/nrf_log_backend_uart.c.o
                0x00000000200018c8                m_uart
 .data.log_backend_cb_uart_log_backend
                0x00000000200018dc        0x8 _build/nrf52832_xxaa/nrf_log_default_backends.c.o
 *fill*         0x00000000200018e4        0x4 
 .data.m_detection_delay_timer_id_data
                0x00000000200018e8       0x20 _build/nrf52832_xxaa/app_button.c.o
 .data.m_rtc_inst
                0x0000000020001908        0x8 _build/nrf52832_xxaa/app_timer2.c.o
 .data.SystemCoreClock
                0x0000000020001910        0x4 _build/nrf52832_xxaa/system_nrf52.c.o
                0x0000000020001910                SystemCoreClock
 *fill*         0x0000000020001914        0x4 
 .data.m_bsp_alert_tmr_data
                0x0000000020001918       0x20 _build/nrf52832_xxaa/bsp.c.o
 .data.m_bsp_button_tmr_data
                0x0000000020001938       0x20 _build/nrf52832_xxaa/bsp.c.o
 .data.m_bsp_leds_tmr_data
                0x0000000020001958       0x20 _build/nrf52832_xxaa/bsp.c.o
 .data.m_adv_data
                0x0000000020001978       0x10 _build/nrf52832_xxaa/main.c.o
 .data.m_adv_handle
                0x0000000020001988        0x1 _build/nrf52832_xxaa/main.c.o
 *fill*         0x0000000020001989        0x3 
 .data.m_beacon_info
                0x000000002000198c       0x17 _build/nrf52832_xxaa/main.c.o
 *fill*         0x00000000200019a3        0x1 
 .data          0x00000000200019a4       0x64 /usr/lib/gcc/arm-none-eabi/10.3.1/../../../arm-none-eabi/lib/thumb/v7e-m+fp/hard/libc_nano.a(lib_a-impure.o)
                0x00000000200019a4                _impure_ptr
                0x0000000020001a08                . = ALIGN (0x4)
                0x0000000020001a08                PROVIDE (__preinit_array_start = .)
 *(.preinit_array)
                0x0000000020001a08                PROVIDE (__preinit_array_end = .)
                0x0000000020001a08                . = ALIGN (0x4)
                0x0000000020001a08                PROVIDE (__init_array_start = .)
 *(SORT_BY_NAME(.init_array.*))
 *(.init_array)
 .init_array    0x0000000020001a08        0x4 /usr/lib/gcc/arm-none-eabi/10.3.1/thumb/v7e-m+fp/hard/crtbegin.o
                0x0000000020001a0c                PROVIDE (__init_array_end = .)
                0x0000000020001a0c                . = ALIGN (0x4)
                0x0000000020001a0c                PROVIDE (__fini_array_start = .)
 *(SORT_BY_NAME(.fini_array.*))
 *(.fini_array)
 .fini_array    0x0000000020001a0c        0x4 /usr/lib/gcc/arm-none-eabi/10.3.1/thumb/v7e-m+fp/hard/crtbegin.o
                0x0000000020001a10                PROVIDE (__fini_array_end = .)
 *(.jcr*)
                0x0000000020001a10                . = ALIGN (0x4)
                0x0000000020001a10                __data_end__ = .
LOAD /usr/lib/gcc/arm-none-eabi/10.3.1/thumb/v7e-m+fp/hard/crti.o
LOAD /usr/lib/gcc/arm-none-eabi/10.3.1/thumb/v7e-m+fp/hard/crtbegin.o
LOAD /usr/lib/gcc/arm-none-eabi/10.3.1/../../../arm-none-eabi/lib/thumb/v7e-m+fp/hard/crt0.o
LOAD _build/nrf52832_xxaa/gcc_startup_nrf52.S.o
LOAD _build/nrf52832_xxaa/nrf_log_backend_rtt.c.o
LOAD _build/nrf52832_xxaa/nrf_log_backend_serial.c.o
LOAD _build/nrf52832_xxaa/nrf_log_backend_uart.c.o
LOAD _build/nrf52832_xxaa/nrf_log_default_backends.c.o
LOAD _build/nrf52832_xxaa/nrf_log_frontend.c.o
LOAD _build/nrf52832_xxaa/nrf_log_str_formatter.c.o
LOAD _build/nrf52832_xxaa/app_button.c.o
LOAD _build/nrf52832_xxaa/app_error.c.o
LOAD _build/nrf52832_xxaa/app_error_handler_gcc.c.o
LOAD _build/nrf52832_xxaa/app_error_weak.c.o
LOAD _build/nrf52832_xxaa/app_scheduler.c.o
LOAD _build/nrf52832_xxaa/app_timer2.c.o
LOAD _build/nrf52832_xxaa/app_util_platform.c.o
LOAD _build/nrf52832_xxaa/drv_rtc.c.o
LOAD _build/nrf52832_xxaa/hardfault_implementation.c.o
LOAD _build/nrf52832_xxaa/nrf_assert.c.o
LOAD _build/nrf52832_xxaa/nrf_atfifo.c.o
LOAD _build/nrf52832_xxaa/nrf_atomic.c.o
LOAD _build/nrf52832_xxaa/nrf_balloc.c.o
LOAD _build/nrf52832_xxaa/nrf_fprintf.c.o
LOAD _build/nrf52832_xxaa/nrf_fprintf_format.c.o
LOAD _build/nrf52832_xxaa/nrf_memobj.c.o
LOAD _build/nrf52832_xxaa/nrf_pwr_mgmt.c.o
LOAD _build/nrf52832_xxaa/nrf_ringbuf.c.o
LOAD _build/nrf52832_xxaa/nrf_section_iter.c.o
LOAD _build/nrf52832_xxaa/nrf_sortlist.c.o
LOAD _build/nrf52832_xxaa/nrf_strerror.c.o
LOAD _build/nrf52832_xxaa/system_nrf52.c.o
LOAD _build/nrf52832_xxaa/boards.c.o
LOAD _build/nrf52832_xxaa/nrf_drv_clock.c.o
LOAD _build/nrf52832_xxaa/nrf_drv_uart.c.o
LOAD _build/nrf52832_xxaa/nrfx_atomic.c.o
LOAD _build/nrf52832_xxaa/nrfx_clock.c.o
LOAD _build/nrf52832_xxaa/nrfx_gpiote.c.o
LOAD _build/nrf52832_xxaa/nrfx_prs.c.o
LOAD _build/nrf52832_xxaa/nrfx_uart.c.o
LOAD _build/nrf52832_xxaa/nrfx_uarte.c.o
LOAD _build/nrf52832_xxaa/bsp.c.o
LOAD _build/nrf52832_xxaa/main.c.o
LOAD _build/nrf52832_xxaa/SEGGER_RTT.c.o
LOAD _build/nrf52832_xxaa/SEGGER_RTT_Syscalls_GCC.c.o
LOAD _build/nrf52832_xxaa/SEGGER_RTT_printf.c.o
LOAD _build/nrf52832_xxaa/ble_advdata.c.o
LOAD _build/nrf52832_xxaa/ble_srv_common.c.o
LOAD _build/nrf52832_xxaa/utf.c.o
LOAD _build/nrf52832_xxaa/nrf_sdh.c.o
LOAD _build/nrf52832_xxaa/nrf_sdh_ble.c.o
LOAD _build/nrf52832_xxaa/nrf_sdh_soc.c.o
LOAD /usr/lib/gcc/arm-none-eabi/10.3.1/../../../arm-none-eabi/lib/thumb/v7e-m+fp/hard/libc_nano.a
LOAD /usr/lib/gcc/arm-none-eabi/10.3.1/../../../arm-none-eabi/lib/thumb/v7e-m+fp/hard/libnosys.a
LOAD /usr/lib/gcc/arm-none-eabi/10.3.1/../../../arm-none-eabi/lib/thumb/v7e-m+fp/hard/libm.a
START GROUP
LOAD /usr/lib/gcc/arm-none-eabi/10.3.1/thumb/v7e-m+fp/hard/libgcc.a
LOAD /usr/lib/gcc/arm-none-eabi/10.3.1/../../../arm-none-eabi/lib/thumb/v7e-m+fp/hard/libg_nano.a
LOAD /usr/lib/gcc/arm-none-eabi/10.3.1/../../../arm-none-eabi/lib/thumb/v7e-m+fp/hard/libc_nano.a
END GROUP
START GROUP
LOAD /usr/lib/gcc/arm-none-eabi/10.3.1/thumb/v7e-m+fp/hard/libgcc.a
LOAD /usr/lib/gcc/arm-none-eabi/10.3.1/../../../arm-none-eabi/lib/thumb/v7e-m+fp/hard/libc_nano.a
END GROUP
LOAD /usr/lib/gcc/arm-none-eabi/10.3.1/thumb/v7e-m+fp/hard/crtend.o
LOAD /usr/lib/gcc/arm-none-eabi/10.3.1/thumb/v7e-m+fp/hard/crtn.o
START GROUP
LOAD /usr/lib/gcc/arm-none-eabi/10.3.1/thumb/v7e-m+fp/hard/libgcc.a
LOAD /usr/lib/gcc/arm-none-eabi/10.3.1/../../../arm-none-eabi/lib/thumb/v7e-m+fp/hard/libc.a
LOAD /usr/lib/gcc/arm-none-eabi/10.3.1/../../../arm-none-eabi/lib/thumb/v7e-m+fp/hard/libnosys.a
END GROUP

.tm_clone_table
                0x0000000020001a10        0x0 load address 0x000000000002c9a0
 .tm_clone_table
                0x0000000020001a10        0x0 /usr/lib/gcc/arm-none-eabi/10.3.1/thumb/v7e-m+fp/hard/crtbegin.o
 .tm_clone_table
                0x0000000020001a10        0x0 /usr/lib/gcc/arm-none-eabi/10.3.1/thumb/v7e-m+fp/hard/crtend.o

.igot.plt       0x0000000020001a10        0x0 load address 0x000000000002c9a0
 .igot.plt      0x0000000020001a10        0x0 /usr/lib/gcc/arm-none-eabi/10.3.1/thumb/v7e-m+fp/hard/crtbegin.o
                0x0000000020001a10                . = ALIGN (0x4)

.mem_section_dummy_ram

.cli_sorted_cmd_ptrs
                0x0000000020001a10        0x0
                [!provide]                        PROVIDE (__start_cli_sorted_cmd_ptrs = .)
 *(.cli_sorted_cmd_ptrs)
                [!provide]                        PROVIDE (__stop_cli_sorted_cmd_ptrs = .)

.fs_data        0x0000000020001a10        0x0
                [!provide]                        PROVIDE (__start_fs_data = .)
 *(.fs_data)
                [!provide]                        PROVIDE (__stop_fs_data = .)

.log_dynamic_data
                0x0000000020001a10        0x0
                0x0000000020001a10                PROVIDE (__start_log_dynamic_data = .)
 *(SORT_BY_NAME(.log_dynamic_data*))
                [!provide]                        PROVIDE (__stop_log_dynamic_data = .)

.log_filter_data
                0x0000000020001a10        0x0
                [!provide]                        PROVIDE (__start_log_filter_data = .)
 *(SORT_BY_NAME(.log_filter_data*))
                [!provide]                        PROVIDE (__stop_log_filter_data = .)

.bss            0x0000000020001a10      0x89c load address 0x000000000002c9a0
                0x0000000020001a10                . = ALIGN (0x4)
                0x0000000020001a10                __bss_start__ = .
 *(.bss*)
 .bss           0x0000000020001a10       0x1c /usr/lib/gcc/arm-none-eabi/10.3.1/thumb/v7e-m+fp/hard/crtbegin.o
 .bss.m_async_mode
                0x0000000020001a2c        0x1 _build/nrf52832_xxaa/nrf_log_backend_uart.c.o
 *fill*         0x0000000020001a2d        0x3 
 .bss.m_string_buff
                0x0000000020001a30       0x40 _build/nrf52832_xxaa/nrf_log_backend_uart.c.o
 .bss.m_xfer_done
                0x0000000020001a70        0x1 _build/nrf52832_xxaa/nrf_log_backend_uart.c.o
 *fill*         0x0000000020001a71        0x3 
 .bss.log_mempool_nrf_balloc_cb
                0x0000000020001a74        0x8 _build/nrf52832_xxaa/nrf_log_frontend.c.o
 .bss.log_mempool_nrf_balloc_pool_mem
                0x0000000020001a7c       0xc0 _build/nrf52832_xxaa/nrf_log_frontend.c.o
 .bss.log_mempool_nrf_balloc_pool_stack
                0x0000000020001b3c        0x8 _build/nrf52832_xxaa/nrf_log_frontend.c.o
 .bss.m_log_data
                0x0000000020001b44      0x420 _build/nrf52832_xxaa/nrf_log_frontend.c.o
 .bss.m_log_push_ringbuf_buf
                0x0000000020001f64       0x80 _build/nrf52832_xxaa/nrf_log_frontend.c.o
 .bss.m_log_push_ringbuf_cb
                0x0000000020001fe4       0x18 _build/nrf52832_xxaa/nrf_log_frontend.c.o
 .bss.m_button_count
                0x0000000020001ffc        0x1 _build/nrf52832_xxaa/app_button.c.o
 *fill*         0x0000000020001ffd        0x3 
 .bss.m_detection_delay
                0x0000000020002000        0x4 _build/nrf52832_xxaa/app_button.c.o
 *fill*         0x0000000020002004        0x4 
 .bss.m_pin_active
                0x0000000020002008        0x8 _build/nrf52832_xxaa/app_button.c.o
 .bss.m_pin_states
                0x0000000020002010       0x10 _build/nrf52832_xxaa/app_button.c.o
 .bss.mp_buttons
                0x0000000020002020        0x4 _build/nrf52832_xxaa/app_button.c.o
 .bss.m_app_timer_sortlist_sortlist_cb
                0x0000000020002024        0x4 _build/nrf52832_xxaa/app_timer2.c.o
 .bss.m_base_counter
                0x0000000020002028        0x8 _build/nrf52832_xxaa/app_timer2.c.o
 .bss.m_global_active
                0x0000000020002030        0x1 _build/nrf52832_xxaa/app_timer2.c.o
 *fill*         0x0000000020002031        0x3 
 .bss.m_req_fifo_data
                0x0000000020002034       0x58 _build/nrf52832_xxaa/app_timer2.c.o
 .bss.m_req_fifo_inst
                0x000000002000208c       0x10 _build/nrf52832_xxaa/app_timer2.c.o
 *fill*         0x000000002000209c        0x4 
 .bss.m_stamp64
                0x00000000200020a0        0x8 _build/nrf52832_xxaa/app_timer2.c.o
 .bss.mp_active_timer
                0x00000000200020a8        0x4 _build/nrf52832_xxaa/app_timer2.c.o
 .bss.nrf_nvic_state
                0x00000000200020ac        0xc _build/nrf52832_xxaa/app_util_platform.c.o
                0x00000000200020ac                nrf_nvic_state
 .bss.m_cb      0x00000000200020b8        0x8 _build/nrf52832_xxaa/drv_rtc.c.o
 .bss.m_handlers
                0x00000000200020c0        0x4 _build/nrf52832_xxaa/drv_rtc.c.o
 .bss.m_handlers_iter
                0x00000000200020c4        0x8 _build/nrf52832_xxaa/nrf_pwr_mgmt.c.o
 .bss.m_shutdown_started
                0x00000000200020cc        0x1 _build/nrf52832_xxaa/nrf_pwr_mgmt.c.o
 *fill*         0x00000000200020cd        0x3 
 .bss.m_sysoff_mtx
                0x00000000200020d0        0x4 _build/nrf52832_xxaa/nrf_pwr_mgmt.c.o
 .bss.m_clock_cb
                0x00000000200020d4       0x14 _build/nrf52832_xxaa/nrf_drv_clock.c.o
 .bss.m_contexts
                0x00000000200020e8        0x4 _build/nrf52832_xxaa/nrf_drv_uart.c.o
 .bss.m_handlers
                0x00000000200020ec        0x4 _build/nrf52832_xxaa/nrf_drv_uart.c.o
 .bss.nrf_drv_uart_use_easy_dma
                0x00000000200020f0        0x1 _build/nrf52832_xxaa/nrf_drv_uart.c.o
                0x00000000200020f0                nrf_drv_uart_use_easy_dma
 *fill*         0x00000000200020f1        0x3 
 .bss.m_clock_cb
                0x00000000200020f4        0x8 _build/nrf52832_xxaa/nrfx_clock.c.o
 *fill*         0x00000000200020fc        0x4 
 .bss.m_cb      0x0000000020002100       0x5c _build/nrf52832_xxaa/nrfx_gpiote.c.o
 .bss.m_prs_box_4
                0x000000002000215c        0x8 _build/nrf52832_xxaa/nrfx_prs.c.o
 *fill*         0x0000000020002164        0x4 
 .bss.m_cb      0x0000000020002168       0x2c _build/nrf52832_xxaa/nrfx_uart.c.o
 *fill*         0x0000000020002194        0x4 
 .bss.m_cb      0x0000000020002198       0x24 _build/nrf52832_xxaa/nrfx_uarte.c.o
 .bss.current_long_push_pin_no.1
                0x00000000200021bc        0x1 _build/nrf52832_xxaa/bsp.c.o
 .bss.m_alert_on
                0x00000000200021bd        0x1 _build/nrf52832_xxaa/bsp.c.o
 *fill*         0x00000000200021be        0x2 
 .bss.m_events_list
                0x00000000200021c0        0xc _build/nrf52832_xxaa/bsp.c.o
 .bss.m_indication_type
                0x00000000200021cc        0x4 _build/nrf52832_xxaa/bsp.c.o
 .bss.m_leds_clear
                0x00000000200021d0        0x1 _build/nrf52832_xxaa/bsp.c.o
 *fill*         0x00000000200021d1        0x3 
 .bss.m_registered_callback
                0x00000000200021d4        0x4 _build/nrf52832_xxaa/bsp.c.o
 .bss.m_stable_state
                0x00000000200021d8        0x1 _build/nrf52832_xxaa/bsp.c.o
 *fill*         0x00000000200021d9        0x3 
 .bss.release_event_at_push.0
                0x00000000200021dc        0x4 _build/nrf52832_xxaa/bsp.c.o
 .bss.m_adv_params
                0x00000000200021e0       0x18 _build/nrf52832_xxaa/main.c.o
 .bss.m_enc_advdata
                0x00000000200021f8       0x1f _build/nrf52832_xxaa/main.c.o
 .bss.m_nrf_sdh_continue
                0x0000000020002217        0x1 _build/nrf52832_xxaa/nrf_sdh.c.o
 .bss.m_nrf_sdh_enabled
                0x0000000020002218        0x1 _build/nrf52832_xxaa/nrf_sdh.c.o
 .bss.m_nrf_sdh_suspended
                0x0000000020002219        0x1 _build/nrf52832_xxaa/nrf_sdh.c.o
 .bss.m_stack_is_enabled
                0x000000002000221a        0x1 _build/nrf52832_xxaa/nrf_sdh_ble.c.o
 *fill*         0x000000002000221b        0x1 
 .bss           0x000000002000221c       0x8c /usr/lib/gcc/arm-none-eabi/10.3.1/../../../arm-none-eabi/lib/thumb/v7e-m+fp/hard/libc_nano.a(lib_a-__atexit.o)
 .bss           0x00000000200022a8        0x4 /usr/lib/gcc/arm-none-eabi/10.3.1/../../../arm-none-eabi/lib/thumb/v7e-m+fp/hard/libc_nano.a(lib_a-__call_atexit.o)
                0x00000000200022a8                _global_atexit
 *(COMMON)
                0x00000000200022ac                . = ALIGN (0x4)
                0x00000000200022ac                __bss_end__ = .

.heap           0x00000000200022b0     0x2000
                0x00000000200022b0                __HeapBase = .
                0x00000000200022b0                __end__ = .
                [!provide]                        PROVIDE (end = .)
 *(.heap*)
 .heap          0x00000000200022b0     0x2000 _build/nrf52832_xxaa/gcc_startup_nrf52.S.o
                0x00000000200042b0                __HeapLimit = .

.stack_dummy    0x00000000200022b0     0x2000
 *(.stack*)
 .stack         0x00000000200022b0     0x2000 _build/nrf52832_xxaa/gcc_startup_nrf52.S.o
                0x0000000020010000                __StackTop = (ORIGIN (RAM) + LENGTH (RAM))
                0x000000002000e000                __StackLimit = (__StackTop - SIZEOF (.stack_dummy))
                0x0000000020010000                PROVIDE (__stack = __StackTop)
                0x0000000000000001                ASSERT ((__StackLimit >= __HeapLimit), region RAM overflowed with stack)
                0x0000000000000148                DataInitFlashUsed = (__bss_start__ - __data_start__)
                0x0000000000006858                CodeFlashUsed = (__etext - ORIGIN (FLASH))
                0x00000000000069a0                TotalFlashUsed = (CodeFlashUsed + DataInitFlashUsed)
                0x0000000000000001                ASSERT ((TotalFlashUsed <= LENGTH (FLASH)), region FLASH overflowed with .data and user data)
OUTPUT(_build/nrf52832_xxaa.out elf32-littlearm)
LOAD linker stubs

.ARM.attributes
                0x0000000000000000       0x30
 .ARM.attributes
                0x0000000000000000       0x1e /usr/lib/gcc/arm-none-eabi/10.3.1/thumb/v7e-m+fp/hard/crti.o
 .ARM.attributes
                0x000000000000001e       0x34 /usr/lib/gcc/arm-none-eabi/10.3.1/thumb/v7e-m+fp/hard/crtbegin.o
 .ARM.attributes
                0x0000000000000052       0x1c /usr/lib/gcc/arm-none-eabi/10.3.1/../../../arm-none-eabi/lib/thumb/v7e-m+fp/hard/crt0.o
 .ARM.attributes
                0x000000000000006e       0x20 _build/nrf52832_xxaa/gcc_startup_nrf52.S.o
 .ARM.attributes
                0x000000000000008e       0x34 _build/nrf52832_xxaa/nrf_log_backend_serial.c.o
 .ARM.attributes
                0x00000000000000c2       0x34 _build/nrf52832_xxaa/nrf_log_backend_uart.c.o
 .ARM.attributes
                0x00000000000000f6       0x34 _build/nrf52832_xxaa/nrf_log_default_backends.c.o
 .ARM.attributes
                0x000000000000012a       0x34 _build/nrf52832_xxaa/nrf_log_frontend.c.o
 .ARM.attributes
                0x000000000000015e       0x34 _build/nrf52832_xxaa/nrf_log_str_formatter.c.o
 .ARM.attributes
                0x0000000000000192       0x34 _build/nrf52832_xxaa/app_button.c.o
 .ARM.attributes
                0x00000000000001c6       0x34 _build/nrf52832_xxaa/app_error.c.o
 .ARM.attributes
                0x00000000000001fa       0x34 _build/nrf52832_xxaa/app_error_weak.c.o
 .ARM.attributes
                0x000000000000022e       0x34 _build/nrf52832_xxaa/app_timer2.c.o
 .ARM.attributes
                0x0000000000000262       0x34 _build/nrf52832_xxaa/app_util_platform.c.o
 .ARM.attributes
                0x0000000000000296       0x34 _build/nrf52832_xxaa/drv_rtc.c.o
 .ARM.attributes
                0x00000000000002ca       0x34 _build/nrf52832_xxaa/nrf_atfifo.c.o
 .ARM.attributes
                0x00000000000002fe       0x34 _build/nrf52832_xxaa/nrf_atomic.c.o
 .ARM.attributes
                0x0000000000000332       0x34 _build/nrf52832_xxaa/nrf_balloc.c.o
 .ARM.attributes
                0x0000000000000366       0x34 _build/nrf52832_xxaa/nrf_fprintf.c.o
 .ARM.attributes
                0x000000000000039a       0x34 _build/nrf52832_xxaa/nrf_fprintf_format.c.o
 .ARM.attributes
                0x00000000000003ce       0x34 _build/nrf52832_xxaa/nrf_memobj.c.o
 .ARM.attributes
                0x0000000000000402       0x34 _build/nrf52832_xxaa/nrf_pwr_mgmt.c.o
 .ARM.attributes
                0x0000000000000436       0x34 _build/nrf52832_xxaa/nrf_ringbuf.c.o
 .ARM.attributes
                0x000000000000046a       0x34 _build/nrf52832_xxaa/nrf_section_iter.c.o
 .ARM.attributes
                0x000000000000049e       0x34 _build/nrf52832_xxaa/nrf_sortlist.c.o
 .ARM.attributes
                0x00000000000004d2       0x34 _build/nrf52832_xxaa/nrf_strerror.c.o
 .ARM.attributes
                0x0000000000000506       0x34 _build/nrf52832_xxaa/system_nrf52.c.o
 .ARM.attributes
                0x000000000000053a       0x34 _build/nrf52832_xxaa/boards.c.o
 .ARM.attributes
                0x000000000000056e       0x34 _build/nrf52832_xxaa/nrf_drv_clock.c.o
 .ARM.attributes
                0x00000000000005a2       0x34 _build/nrf52832_xxaa/nrf_drv_uart.c.o
 .ARM.attributes
                0x00000000000005d6       0x34 _build/nrf52832_xxaa/nrfx_clock.c.o
 .ARM.attributes
                0x000000000000060a       0x34 _build/nrf52832_xxaa/nrfx_gpiote.c.o
 .ARM.attributes
                0x000000000000063e       0x34 _build/nrf52832_xxaa/nrfx_prs.c.o
 .ARM.attributes
                0x0000000000000672       0x34 _build/nrf52832_xxaa/nrfx_uart.c.o
 .ARM.attributes
                0x00000000000006a6       0x34 _build/nrf52832_xxaa/nrfx_uarte.c.o
 .ARM.attributes
                0x00000000000006da       0x34 _build/nrf52832_xxaa/bsp.c.o
 .ARM.attributes
                0x000000000000070e       0x34 _build/nrf52832_xxaa/main.c.o
 .ARM.attributes
                0x0000000000000742       0x34 _build/nrf52832_xxaa/ble_advdata.c.o
 .ARM.attributes
                0x0000000000000776       0x34 _build/nrf52832_xxaa/nrf_sdh.c.o
 .ARM.attributes
                0x00000000000007aa       0x34 _build/nrf52832_xxaa/nrf_sdh_ble.c.o
 .ARM.attributes
                0x00000000000007de       0x34 _build/nrf52832_xxaa/nrf_sdh_soc.c.o
 .ARM.attributes
                0x0000000000000812       0x34 /usr/lib/gcc/arm-none-eabi/10.3.1/../../../arm-none-eabi/lib/thumb/v7e-m+fp/hard/libc_nano.a(lib_a-atexit.o)
 .ARM.attributes
                0x0000000000000846       0x32 /usr/lib/gcc/arm-none-eabi/10.3.1/../../../arm-none-eabi/lib/thumb/v7e-m+fp/hard/libc_nano.a(lib_a-ctype_.o)
 .ARM.attributes
                0x0000000000000878       0x34 /usr/lib/gcc/arm-none-eabi/10.3.1/../../../arm-none-eabi/lib/thumb/v7e-m+fp/hard/libc_nano.a(lib_a-exit.o)
 .ARM.attributes
                0x00000000000008ac       0x34 /usr/lib/gcc/arm-none-eabi/10.3.1/../../../arm-none-eabi/lib/thumb/v7e-m+fp/hard/libc_nano.a(lib_a-fini.o)
 .ARM.attributes
                0x00000000000008e0       0x32 /usr/lib/gcc/arm-none-eabi/10.3.1/../../../arm-none-eabi/lib/thumb/v7e-m+fp/hard/libc_nano.a(lib_a-impure.o)
 .ARM.attributes
                0x0000000000000912       0x34 /usr/lib/gcc/arm-none-eabi/10.3.1/../../../arm-none-eabi/lib/thumb/v7e-m+fp/hard/libc_nano.a(lib_a-init.o)
 .ARM.attributes
                0x0000000000000946       0x1c /usr/lib/gcc/arm-none-eabi/10.3.1/../../../arm-none-eabi/lib/thumb/v7e-m+fp/hard/libc_nano.a(lib_a-memcpy.o)
 .ARM.attributes
                0x0000000000000962       0x34 /usr/lib/gcc/arm-none-eabi/10.3.1/../../../arm-none-eabi/lib/thumb/v7e-m+fp/hard/libc_nano.a(lib_a-memset.o)
 .ARM.attributes
                0x0000000000000996       0x1c /usr/lib/gcc/arm-none-eabi/10.3.1/../../../arm-none-eabi/lib/thumb/v7e-m+fp/hard/libc_nano.a(lib_a-strlen.o)
 .ARM.attributes
                0x00000000000009b2       0x34 /usr/lib/gcc/arm-none-eabi/10.3.1/../../../arm-none-eabi/lib/thumb/v7e-m+fp/hard/libc_nano.a(lib_a-__atexit.o)
 .ARM.attributes
                0x00000000000009e6       0x34 /usr/lib/gcc/arm-none-eabi/10.3.1/../../../arm-none-eabi/lib/thumb/v7e-m+fp/hard/libc_nano.a(lib_a-__call_atexit.o)
 .ARM.attributes
                0x0000000000000a1a       0x34 /usr/lib/gcc/arm-none-eabi/10.3.1/../../../arm-none-eabi/lib/thumb/v7e-m+fp/hard/libnosys.a(_exit.o)
 .ARM.attributes
                0x0000000000000a4e       0x1e /usr/lib/gcc/arm-none-eabi/10.3.1/thumb/v7e-m+fp/hard/libgcc.a(_aeabi_uldivmod.o)
 .ARM.attributes
                0x0000000000000a6c       0x34 /usr/lib/gcc/arm-none-eabi/10.3.1/thumb/v7e-m+fp/hard/libgcc.a(_udivmoddi4.o)
 .ARM.attributes
                0x0000000000000aa0       0x1e /usr/lib/gcc/arm-none-eabi/10.3.1/thumb/v7e-m+fp/hard/libgcc.a(_dvmd_tls.o)
 .ARM.attributes
                0x0000000000000abe       0x32 /usr/lib/gcc/arm-none-eabi/10.3.1/thumb/v7e-m+fp/hard/crtend.o
 .ARM.attributes
                0x0000000000000af0       0x1e /usr/lib/gcc/arm-none-eabi/10.3.1/thumb/v7e-m+fp/hard/crtn.o

.comment        0x0000000000000000       0x33
 .comment       0x0000000000000000       0x33 /usr/lib/gcc/arm-none-eabi/10.3.1/thumb/v7e-m+fp/hard/crtbegin.o
                                         0x34 (size before relaxing)
 .comment       0x0000000000000033       0x34 _build/nrf52832_xxaa/nrf_log_backend_serial.c.o
 .comment       0x0000000000000033       0x34 _build/nrf52832_xxaa/nrf_log_backend_uart.c.o
 .comment       0x0000000000000033       0x34 _build/nrf52832_xxaa/nrf_log_default_backends.c.o
 .comment       0x0000000000000033       0x34 _build/nrf52832_xxaa/nrf_log_frontend.c.o
 .comment       0x0000000000000033       0x34 _build/nrf52832_xxaa/nrf_log_str_formatter.c.o
 .comment       0x0000000000000033       0x34 _build/nrf52832_xxaa/app_button.c.o
 .comment       0x0000000000000033       0x34 _build/nrf52832_xxaa/app_error.c.o
 .comment       0x0000000000000033       0x34 _build/nrf52832_xxaa/app_error_weak.c.o
 .comment       0x0000000000000033       0x34 _build/nrf52832_xxaa/app_timer2.c.o
 .comment       0x0000000000000033       0x34 _build/nrf52832_xxaa/app_util_platform.c.o
 .comment       0x0000000000000033       0x34 _build/nrf52832_xxaa/drv_rtc.c.o
 .comment       0x0000000000000033       0x34 _build/nrf52832_xxaa/nrf_atfifo.c.o
 .comment       0x0000000000000033       0x34 _build/nrf52832_xxaa/nrf_atomic.c.o
 .comment       0x0000000000000033       0x34 _build/nrf52832_xxaa/nrf_balloc.c.o
 .comment       0x0000000000000033       0x34 _build/nrf52832_xxaa/nrf_fprintf.c.o
 .comment       0x0000000000000033       0x34 _build/nrf52832_xxaa/nrf_fprintf_format.c.o
 .comment       0x0000000000000033       0x34 _build/nrf52832_xxaa/nrf_memobj.c.o
 .comment       0x0000000000000033       0x34 _build/nrf52832_xxaa/nrf_pwr_mgmt.c.o
 .comment       0x0000000000000033       0x34 _build/nrf52832_xxaa/nrf_ringbuf.c.o
 .comment       0x0000000000000033       0x34 _build/nrf52832_xxaa/nrf_section_iter.c.o
 .comment       0x0000000000000033       0x34 _build/nrf52832_xxaa/nrf_sortlist.c.o
 .comment       0x0000000000000033       0x34 _build/nrf52832_xxaa/nrf_strerror.c.o
 .comment       0x0000000000000033       0x34 _build/nrf52832_xxaa/system_nrf52.c.o
 .comment       0x0000000000000033       0x34 _build/nrf52832_xxaa/boards.c.o
 .comment       0x0000000000000033       0x34 _build/nrf52832_xxaa/nrf_drv_clock.c.o
 .comment       0x0000000000000033       0x34 _build/nrf52832_xxaa/nrf_drv_uart.c.o
 .comment       0x0000000000000033       0x34 _build/nrf52832_xxaa/nrfx_clock.c.o
 .comment       0x0000000000000033       0x34 _build/nrf52832_xxaa/nrfx_gpiote.c.o
 .comment       0x0000000000000033       0x34 _build/nrf52832_xxaa/nrfx_prs.c.o
 .comment       0x0000000000000033       0x34 _build/nrf52832_xxaa/nrfx_uart.c.o
 .comment       0x0000000000000033       0x34 _build/nrf52832_xxaa/nrfx_uarte.c.o
 .comment       0x0000000000000033       0x34 _build/nrf52832_xxaa/bsp.c.o
 .comment       0x0000000000000033       0x34 _build/nrf52832_xxaa/main.c.o
 .comment       0x0000000000000033       0x34 _build/nrf52832_xxaa/ble_advdata.c.o
 .comment       0x0000000000000033       0x34 _build/nrf52832_xxaa/nrf_sdh.c.o
 .comment       0x0000000000000033       0x34 _build/nrf52832_xxaa/nrf_sdh_ble.c.o
 .comment       0x0000000000000033       0x34 _build/nrf52832_xxaa/nrf_sdh_soc.c.o
 .comment       0x0000000000000033       0x34 /usr/lib/gcc/arm-none-eabi/10.3.1/../../../arm-none-eabi/lib/thumb/v7e-m+fp/hard/libc_nano.a(lib_a-atexit.o)
 .comment       0x0000000000000033       0x34 /usr/lib/gcc/arm-none-eabi/10.3.1/../../../arm-none-eabi/lib/thumb/v7e-m+fp/hard/libc_nano.a(lib_a-ctype_.o)
 .comment       0x0000000000000033       0x34 /usr/lib/gcc/arm-none-eabi/10.3.1/../../../arm-none-eabi/lib/thumb/v7e-m+fp/hard/libc_nano.a(lib_a-exit.o)
 .comment       0x0000000000000033       0x34 /usr/lib/gcc/arm-none-eabi/10.3.1/../../../arm-none-eabi/lib/thumb/v7e-m+fp/hard/libc_nano.a(lib_a-fini.o)
 .comment       0x0000000000000033       0x34 /usr/lib/gcc/arm-none-eabi/10.3.1/../../../arm-none-eabi/lib/thumb/v7e-m+fp/hard/libc_nano.a(lib_a-impure.o)
 .comment       0x0000000000000033       0x34 /usr/lib/gcc/arm-none-eabi/10.3.1/../../../arm-none-eabi/lib/thumb/v7e-m+fp/hard/libc_nano.a(lib_a-init.o)
 .comment       0x0000000000000033       0x34 /usr/lib/gcc/arm-none-eabi/10.3.1/../../../arm-none-eabi/lib/thumb/v7e-m+fp/hard/libc_nano.a(lib_a-memset.o)
 .comment       0x0000000000000033       0x34 /usr/lib/gcc/arm-none-eabi/10.3.1/../../../arm-none-eabi/lib/thumb/v7e-m+fp/hard/libc_nano.a(lib_a-__atexit.o)
 .comment       0x0000000000000033       0x34 /usr/lib/gcc/arm-none-eabi/10.3.1/../../../arm-none-eabi/lib/thumb/v7e-m+fp/hard/libc_nano.a(lib_a-__call_atexit.o)
 .comment       0x0000000000000033       0x34 /usr/lib/gcc/arm-none-eabi/10.3.1/../../../arm-none-eabi/lib/thumb/v7e-m+fp/hard/libnosys.a(_exit.o)
 .comment       0x0000000000000033       0x34 /usr/lib/gcc/arm-none-eabi/10.3.1/thumb/v7e-m+fp/hard/libgcc.a(_udivmoddi4.o)
 .comment       0x0000000000000033       0x34 /usr/lib/gcc/arm-none-eabi/10.3.1/thumb/v7e-m+fp/hard/crtend.o

.debug_line     0x0000000000000000    0x211c9
 .debug_line    0x0000000000000000       0x87 /usr/lib/gcc/arm-none-eabi/10.3.1/../../../arm-none-eabi/lib/thumb/v7e-m+fp/hard/crt0.o
 .debug_line    0x0000000000000087       0x81 _build/nrf52832_xxaa/gcc_startup_nrf52.S.o
 .debug_line    0x0000000000000108      0x7e5 _build/nrf52832_xxaa/nrf_log_backend_serial.c.o
 .debug_line    0x00000000000008ed      0xaf5 _build/nrf52832_xxaa/nrf_log_backend_uart.c.o
 .debug_line    0x00000000000013e2      0x6db _build/nrf52832_xxaa/nrf_log_default_backends.c.o
 .debug_line    0x0000000000001abd     0x2a5e _build/nrf52832_xxaa/nrf_log_frontend.c.o
 .debug_line    0x000000000000451b      0x93b _build/nrf52832_xxaa/nrf_log_str_formatter.c.o
 .debug_line    0x0000000000004e56     0x11fd _build/nrf52832_xxaa/app_button.c.o
 .debug_line    0x0000000000006053      0x4aa _build/nrf52832_xxaa/app_error.c.o
 .debug_line    0x00000000000064fd      0x7da _build/nrf52832_xxaa/app_error_weak.c.o
 .debug_line    0x0000000000006cd7     0x11b0 _build/nrf52832_xxaa/app_timer2.c.o
 .debug_line    0x0000000000007e87      0x6ee _build/nrf52832_xxaa/app_util_platform.c.o
 .debug_line    0x0000000000008575     0x1418 _build/nrf52832_xxaa/drv_rtc.c.o
 .debug_line    0x000000000000998d      0x99b _build/nrf52832_xxaa/nrf_atfifo.c.o
 .debug_line    0x000000000000a328      0x7eb _build/nrf52832_xxaa/nrf_atomic.c.o
 .debug_line    0x000000000000ab13      0x824 _build/nrf52832_xxaa/nrf_balloc.c.o
 .debug_line    0x000000000000b337      0x4b9 _build/nrf52832_xxaa/nrf_fprintf.c.o
 .debug_line    0x000000000000b7f0      0xf15 _build/nrf52832_xxaa/nrf_fprintf_format.c.o
 .debug_line    0x000000000000c705      0xad7 _build/nrf52832_xxaa/nrf_memobj.c.o
 .debug_line    0x000000000000d1dc      0xd9e _build/nrf52832_xxaa/nrf_pwr_mgmt.c.o
 .debug_line    0x000000000000df7a      0x949 _build/nrf52832_xxaa/nrf_ringbuf.c.o
 .debug_line    0x000000000000e8c3      0x4cf _build/nrf52832_xxaa/nrf_section_iter.c.o
 .debug_line    0x000000000000ed92      0x6a9 _build/nrf52832_xxaa/nrf_sortlist.c.o
 .debug_line    0x000000000000f43b      0x50b _build/nrf52832_xxaa/nrf_strerror.c.o
 .debug_line    0x000000000000f946      0x915 _build/nrf52832_xxaa/system_nrf52.c.o
 .debug_line    0x000000000001025b      0xfd4 _build/nrf52832_xxaa/boards.c.o
 .debug_line    0x000000000001122f     0x1168 _build/nrf52832_xxaa/nrf_drv_clock.c.o
 .debug_line    0x0000000000012397      0x78d _build/nrf52832_xxaa/nrf_drv_uart.c.o
 .debug_line    0x0000000000012b24     0x100d _build/nrf52832_xxaa/nrfx_clock.c.o
 .debug_line    0x0000000000013b31     0x2ca6 _build/nrf52832_xxaa/nrfx_gpiote.c.o
 .debug_line    0x00000000000167d7      0x898 _build/nrf52832_xxaa/nrfx_prs.c.o
 .debug_line    0x000000000001706f     0x1d4b _build/nrf52832_xxaa/nrfx_uart.c.o
 .debug_line    0x0000000000018dba     0x1ca7 _build/nrf52832_xxaa/nrfx_uarte.c.o
 .debug_line    0x000000000001aa61     0x115c _build/nrf52832_xxaa/bsp.c.o
 .debug_line    0x000000000001bbbd      0xd5f _build/nrf52832_xxaa/main.c.o
 .debug_line    0x000000000001c91c     0x1391 _build/nrf52832_xxaa/ble_advdata.c.o
 .debug_line    0x000000000001dcad      0xfd2 _build/nrf52832_xxaa/nrf_sdh.c.o
 .debug_line    0x000000000001ec7f      0xaac _build/nrf52832_xxaa/nrf_sdh_ble.c.o
 .debug_line    0x000000000001f72b      0x724 _build/nrf52832_xxaa/nrf_sdh_soc.c.o
 .debug_line    0x000000000001fe4f       0xc0 /usr/lib/gcc/arm-none-eabi/10.3.1/../../../arm-none-eabi/lib/thumb/v7e-m+fp/hard/libc_nano.a(lib_a-atexit.o)
 .debug_line    0x000000000001ff0f       0x5e /usr/lib/gcc/arm-none-eabi/10.3.1/../../../arm-none-eabi/lib/thumb/v7e-m+fp/hard/libc_nano.a(lib_a-ctype_.o)
 .debug_line    0x000000000001ff6d      0x16d /usr/lib/gcc/arm-none-eabi/10.3.1/../../../arm-none-eabi/lib/thumb/v7e-m+fp/hard/libc_nano.a(lib_a-exit.o)
 .debug_line    0x00000000000200da       0xed /usr/lib/gcc/arm-none-eabi/10.3.1/../../../arm-none-eabi/lib/thumb/v7e-m+fp/hard/libc_nano.a(lib_a-fini.o)
 .debug_line    0x00000000000201c7       0xe4 /usr/lib/gcc/arm-none-eabi/10.3.1/../../../arm-none-eabi/lib/thumb/v7e-m+fp/hard/libc_nano.a(lib_a-impure.o)
 .debug_line    0x00000000000202ab      0x138 /usr/lib/gcc/arm-none-eabi/10.3.1/../../../arm-none-eabi/lib/thumb/v7e-m+fp/hard/libc_nano.a(lib_a-init.o)
 .debug_line    0x00000000000203e3       0xbe /usr/lib/gcc/arm-none-eabi/10.3.1/../../../arm-none-eabi/lib/thumb/v7e-m+fp/hard/libc_nano.a(lib_a-memcpy.o)
 .debug_line    0x00000000000204a1      0x1bf /usr/lib/gcc/arm-none-eabi/10.3.1/../../../arm-none-eabi/lib/thumb/v7e-m+fp/hard/libc_nano.a(lib_a-memset.o)
 .debug_line    0x0000000000020660       0xaf /usr/lib/gcc/arm-none-eabi/10.3.1/../../../arm-none-eabi/lib/thumb/v7e-m+fp/hard/libc_nano.a(lib_a-strlen.o)
 .debug_line    0x000000000002070f      0x1ec /usr/lib/gcc/arm-none-eabi/10.3.1/../../../arm-none-eabi/lib/thumb/v7e-m+fp/hard/libc_nano.a(lib_a-__atexit.o)
 .debug_line    0x00000000000208fb      0x1eb /usr/lib/gcc/arm-none-eabi/10.3.1/../../../arm-none-eabi/lib/thumb/v7e-m+fp/hard/libc_nano.a(lib_a-__call_atexit.o)
 .debug_line    0x0000000000020ae6       0x75 /usr/lib/gcc/arm-none-eabi/10.3.1/../../../arm-none-eabi/lib/thumb/v7e-m+fp/hard/libnosys.a(_exit.o)
 .debug_line    0x0000000000020b5b       0x60 /usr/lib/gcc/arm-none-eabi/10.3.1/thumb/v7e-m+fp/hard/libgcc.a(_aeabi_uldivmod.o)
 .debug_line    0x0000000000020bbb      0x5ae /usr/lib/gcc/arm-none-eabi/10.3.1/thumb/v7e-m+fp/hard/libgcc.a(_udivmoddi4.o)
 .debug_line    0x0000000000021169       0x60 /usr/lib/gcc/arm-none-eabi/10.3.1/thumb/v7e-m+fp/hard/libgcc.a(_dvmd_tls.o)

.debug_info     0x0000000000000000    0x2d965
 .debug_info    0x0000000000000000       0x26 /usr/lib/gcc/arm-none-eabi/10.3.1/../../../arm-none-eabi/lib/thumb/v7e-m+fp/hard/crt0.o
 .debug_info    0x0000000000000026       0x26 _build/nrf52832_xxaa/gcc_startup_nrf52.S.o
 .debug_info    0x000000000000004c      0x7ab _build/nrf52832_xxaa/nrf_log_backend_serial.c.o
 .debug_info    0x00000000000007f7     0x11ae _build/nrf52832_xxaa/nrf_log_backend_uart.c.o
 .debug_info    0x00000000000019a5      0x2df _build/nrf52832_xxaa/nrf_log_default_backends.c.o
 .debug_info    0x0000000000001c84     0x3b20 _build/nrf52832_xxaa/nrf_log_frontend.c.o
 .debug_info    0x00000000000057a4      0x841 _build/nrf52832_xxaa/nrf_log_str_formatter.c.o
 .debug_info    0x0000000000005fe5     0x1323 _build/nrf52832_xxaa/app_button.c.o
 .debug_info    0x0000000000007308      0x2ab _build/nrf52832_xxaa/app_error.c.o
 .debug_info    0x00000000000075b3      0x4a1 _build/nrf52832_xxaa/app_error_weak.c.o
 .debug_info    0x0000000000007a54     0x1976 _build/nrf52832_xxaa/app_timer2.c.o
 .debug_info    0x00000000000093ca      0xa14 _build/nrf52832_xxaa/app_util_platform.c.o
 .debug_info    0x0000000000009dde     0x2176 _build/nrf52832_xxaa/drv_rtc.c.o
 .debug_info    0x000000000000bf54      0xb39 _build/nrf52832_xxaa/nrf_atfifo.c.o
 .debug_info    0x000000000000ca8d      0xad7 _build/nrf52832_xxaa/nrf_atomic.c.o
 .debug_info    0x000000000000d564      0x3c4 _build/nrf52832_xxaa/nrf_balloc.c.o
 .debug_info    0x000000000000d928      0x233 _build/nrf52832_xxaa/nrf_fprintf.c.o
 .debug_info    0x000000000000db5b      0xc43 _build/nrf52832_xxaa/nrf_fprintf_format.c.o
 .debug_info    0x000000000000e79e      0xb54 _build/nrf52832_xxaa/nrf_memobj.c.o
 .debug_info    0x000000000000f2f2     0x1254 _build/nrf52832_xxaa/nrf_pwr_mgmt.c.o
 .debug_info    0x0000000000010546      0x614 _build/nrf52832_xxaa/nrf_ringbuf.c.o
 .debug_info    0x0000000000010b5a      0x192 _build/nrf52832_xxaa/nrf_section_iter.c.o
 .debug_info    0x0000000000010cec      0x39f _build/nrf52832_xxaa/nrf_sortlist.c.o
 .debug_info    0x000000000001108b      0x274 _build/nrf52832_xxaa/nrf_strerror.c.o
 .debug_info    0x00000000000112ff     0x16dd _build/nrf52832_xxaa/system_nrf52.c.o
 .debug_info    0x00000000000129dc      0xdb8 _build/nrf52832_xxaa/boards.c.o
 .debug_info    0x0000000000013794     0x1807 _build/nrf52832_xxaa/nrf_drv_clock.c.o
 .debug_info    0x0000000000014f9b     0x1193 _build/nrf52832_xxaa/nrf_drv_uart.c.o
 .debug_info    0x000000000001612e     0x15df _build/nrf52832_xxaa/nrfx_clock.c.o
 .debug_info    0x000000000001770d     0x3a35 _build/nrf52832_xxaa/nrfx_gpiote.c.o
 .debug_info    0x000000000001b142      0x7e2 _build/nrf52832_xxaa/nrfx_prs.c.o
 .debug_info    0x000000000001b924     0x374a _build/nrf52832_xxaa/nrfx_uart.c.o
 .debug_info    0x000000000001f06e     0x36dd _build/nrf52832_xxaa/nrfx_uarte.c.o
 .debug_info    0x000000000002274b     0x1553 _build/nrf52832_xxaa/bsp.c.o
 .debug_info    0x0000000000023c9e     0x10d0 _build/nrf52832_xxaa/main.c.o
 .debug_info    0x0000000000024d6e     0x203e _build/nrf52832_xxaa/ble_advdata.c.o
 .debug_info    0x0000000000026dac     0x1813 _build/nrf52832_xxaa/nrf_sdh.c.o
 .debug_info    0x00000000000285bf     0x2b61 _build/nrf52832_xxaa/nrf_sdh_ble.c.o
 .debug_info    0x000000000002b120      0x5b9 _build/nrf52832_xxaa/nrf_sdh_soc.c.o
 .debug_info    0x000000000002b6d9      0x100 /usr/lib/gcc/arm-none-eabi/10.3.1/../../../arm-none-eabi/lib/thumb/v7e-m+fp/hard/libc_nano.a(lib_a-atexit.o)
 .debug_info    0x000000000002b7d9       0xb8 /usr/lib/gcc/arm-none-eabi/10.3.1/../../../arm-none-eabi/lib/thumb/v7e-m+fp/hard/libc_nano.a(lib_a-ctype_.o)
 .debug_info    0x000000000002b891      0x81a /usr/lib/gcc/arm-none-eabi/10.3.1/../../../arm-none-eabi/lib/thumb/v7e-m+fp/hard/libc_nano.a(lib_a-exit.o)
 .debug_info    0x000000000002c0ab      0x102 /usr/lib/gcc/arm-none-eabi/10.3.1/../../../arm-none-eabi/lib/thumb/v7e-m+fp/hard/libc_nano.a(lib_a-fini.o)
 .debug_info    0x000000000002c1ad      0x863 /usr/lib/gcc/arm-none-eabi/10.3.1/../../../arm-none-eabi/lib/thumb/v7e-m+fp/hard/libc_nano.a(lib_a-impure.o)
 .debug_info    0x000000000002ca10      0x11a /usr/lib/gcc/arm-none-eabi/10.3.1/../../../arm-none-eabi/lib/thumb/v7e-m+fp/hard/libc_nano.a(lib_a-init.o)
 .debug_info    0x000000000002cb2a       0x26 /usr/lib/gcc/arm-none-eabi/10.3.1/../../../arm-none-eabi/lib/thumb/v7e-m+fp/hard/libc_nano.a(lib_a-memcpy.o)
 .debug_info    0x000000000002cb50      0x137 /usr/lib/gcc/arm-none-eabi/10.3.1/../../../arm-none-eabi/lib/thumb/v7e-m+fp/hard/libc_nano.a(lib_a-memset.o)
 .debug_info    0x000000000002cc87       0x26 /usr/lib/gcc/arm-none-eabi/10.3.1/../../../arm-none-eabi/lib/thumb/v7e-m+fp/hard/libc_nano.a(lib_a-strlen.o)
 .debug_info    0x000000000002ccad      0x269 /usr/lib/gcc/arm-none-eabi/10.3.1/../../../arm-none-eabi/lib/thumb/v7e-m+fp/hard/libc_nano.a(lib_a-__atexit.o)
 .debug_info    0x000000000002cf16      0x249 /usr/lib/gcc/arm-none-eabi/10.3.1/../../../arm-none-eabi/lib/thumb/v7e-m+fp/hard/libc_nano.a(lib_a-__call_atexit.o)
 .debug_info    0x000000000002d15f       0xa3 /usr/lib/gcc/arm-none-eabi/10.3.1/../../../arm-none-eabi/lib/thumb/v7e-m+fp/hard/libnosys.a(_exit.o)
 .debug_info    0x000000000002d202       0x26 /usr/lib/gcc/arm-none-eabi/10.3.1/thumb/v7e-m+fp/hard/libgcc.a(_aeabi_uldivmod.o)
 .debug_info    0x000000000002d228      0x717 /usr/lib/gcc/arm-none-eabi/10.3.1/thumb/v7e-m+fp/hard/libgcc.a(_udivmoddi4.o)
 .debug_info    0x000000000002d93f       0x26 /usr/lib/gcc/arm-none-eabi/10.3.1/thumb/v7e-m+fp/hard/libgcc.a(_dvmd_tls.o)

.debug_abbrev   0x0000000000000000     0x7ed4
 .debug_abbrev  0x0000000000000000       0x14 /usr/lib/gcc/arm-none-eabi/10.3.1/../../../arm-none-eabi/lib/thumb/v7e-m+fp/hard/crt0.o
 .debug_abbrev  0x0000000000000014       0x14 _build/nrf52832_xxaa/gcc_startup_nrf52.S.o
 .debug_abbrev  0x0000000000000028      0x202 _build/nrf52832_xxaa/nrf_log_backend_serial.c.o
 .debug_abbrev  0x000000000000022a      0x38d _build/nrf52832_xxaa/nrf_log_backend_uart.c.o
 .debug_abbrev  0x00000000000005b7      0x190 _build/nrf52832_xxaa/nrf_log_default_backends.c.o
 .debug_abbrev  0x0000000000000747      0x5d2 _build/nrf52832_xxaa/nrf_log_frontend.c.o
 .debug_abbrev  0x0000000000000d19      0x21a _build/nrf52832_xxaa/nrf_log_str_formatter.c.o
 .debug_abbrev  0x0000000000000f33      0x35d _build/nrf52832_xxaa/app_button.c.o
 .debug_abbrev  0x0000000000001290      0x13b _build/nrf52832_xxaa/app_error.c.o
 .debug_abbrev  0x00000000000013cb      0x218 _build/nrf52832_xxaa/app_error_weak.c.o
 .debug_abbrev  0x00000000000015e3      0x504 _build/nrf52832_xxaa/app_timer2.c.o
 .debug_abbrev  0x0000000000001ae7      0x2f8 _build/nrf52832_xxaa/app_util_platform.c.o
 .debug_abbrev  0x0000000000001ddf      0x524 _build/nrf52832_xxaa/drv_rtc.c.o
 .debug_abbrev  0x0000000000002303      0x287 _build/nrf52832_xxaa/nrf_atfifo.c.o
 .debug_abbrev  0x000000000000258a      0x205 _build/nrf52832_xxaa/nrf_atomic.c.o
 .debug_abbrev  0x000000000000278f      0x201 _build/nrf52832_xxaa/nrf_balloc.c.o
 .debug_abbrev  0x0000000000002990      0x143 _build/nrf52832_xxaa/nrf_fprintf.c.o
 .debug_abbrev  0x0000000000002ad3      0x2d2 _build/nrf52832_xxaa/nrf_fprintf_format.c.o
 .debug_abbrev  0x0000000000002da5      0x285 _build/nrf52832_xxaa/nrf_memobj.c.o
 .debug_abbrev  0x000000000000302a      0x462 _build/nrf52832_xxaa/nrf_pwr_mgmt.c.o
 .debug_abbrev  0x000000000000348c      0x166 _build/nrf52832_xxaa/nrf_ringbuf.c.o
 .debug_abbrev  0x00000000000035f2       0xba _build/nrf52832_xxaa/nrf_section_iter.c.o
 .debug_abbrev  0x00000000000036ac      0x167 _build/nrf52832_xxaa/nrf_sortlist.c.o
 .debug_abbrev  0x0000000000003813      0x15b _build/nrf52832_xxaa/nrf_strerror.c.o
 .debug_abbrev  0x000000000000396e      0x328 _build/nrf52832_xxaa/system_nrf52.c.o
 .debug_abbrev  0x0000000000003c96      0x2df _build/nrf52832_xxaa/boards.c.o
 .debug_abbrev  0x0000000000003f75      0x521 _build/nrf52832_xxaa/nrf_drv_clock.c.o
 .debug_abbrev  0x0000000000004496      0x22a _build/nrf52832_xxaa/nrf_drv_uart.c.o
 .debug_abbrev  0x00000000000046c0      0x495 _build/nrf52832_xxaa/nrfx_clock.c.o
 .debug_abbrev  0x0000000000004b55      0x52c _build/nrf52832_xxaa/nrfx_gpiote.c.o
 .debug_abbrev  0x0000000000005081      0x282 _build/nrf52832_xxaa/nrfx_prs.c.o
 .debug_abbrev  0x0000000000005303      0x4f2 _build/nrf52832_xxaa/nrfx_uart.c.o
 .debug_abbrev  0x00000000000057f5      0x4b5 _build/nrf52832_xxaa/nrfx_uarte.c.o
 .debug_abbrev  0x0000000000005caa      0x46b _build/nrf52832_xxaa/bsp.c.o
 .debug_abbrev  0x0000000000006115      0x2ff _build/nrf52832_xxaa/main.c.o
 .debug_abbrev  0x0000000000006414      0x3cd _build/nrf52832_xxaa/ble_advdata.c.o
 .debug_abbrev  0x00000000000067e1      0x4d1 _build/nrf52832_xxaa/nrf_sdh.c.o
 .debug_abbrev  0x0000000000006cb2      0x45c _build/nrf52832_xxaa/nrf_sdh_ble.c.o
 .debug_abbrev  0x000000000000710e      0x200 _build/nrf52832_xxaa/nrf_sdh_soc.c.o
 .debug_abbrev  0x000000000000730e       0xb7 /usr/lib/gcc/arm-none-eabi/10.3.1/../../../arm-none-eabi/lib/thumb/v7e-m+fp/hard/libc_nano.a(lib_a-atexit.o)
 .debug_abbrev  0x00000000000073c5       0x62 /usr/lib/gcc/arm-none-eabi/10.3.1/../../../arm-none-eabi/lib/thumb/v7e-m+fp/hard/libc_nano.a(lib_a-ctype_.o)
 .debug_abbrev  0x0000000000007427      0x1ba /usr/lib/gcc/arm-none-eabi/10.3.1/../../../arm-none-eabi/lib/thumb/v7e-m+fp/hard/libc_nano.a(lib_a-exit.o)
 .debug_abbrev  0x00000000000075e1       0xcf /usr/lib/gcc/arm-none-eabi/10.3.1/../../../arm-none-eabi/lib/thumb/v7e-m+fp/hard/libc_nano.a(lib_a-fini.o)
 .debug_abbrev  0x00000000000076b0      0x151 /usr/lib/gcc/arm-none-eabi/10.3.1/../../../arm-none-eabi/lib/thumb/v7e-m+fp/hard/libc_nano.a(lib_a-impure.o)
 .debug_abbrev  0x0000000000007801       0xcc /usr/lib/gcc/arm-none-eabi/10.3.1/../../../arm-none-eabi/lib/thumb/v7e-m+fp/hard/libc_nano.a(lib_a-init.o)
 .debug_abbrev  0x00000000000078cd       0x14 /usr/lib/gcc/arm-none-eabi/10.3.1/../../../arm-none-eabi/lib/thumb/v7e-m+fp/hard/libc_nano.a(lib_a-memcpy.o)
 .debug_abbrev  0x00000000000078e1       0xb4 /usr/lib/gcc/arm-none-eabi/10.3.1/../../../arm-none-eabi/lib/thumb/v7e-m+fp/hard/libc_nano.a(lib_a-memset.o)
 .debug_abbrev  0x0000000000007995       0x14 /usr/lib/gcc/arm-none-eabi/10.3.1/../../../arm-none-eabi/lib/thumb/v7e-m+fp/hard/libc_nano.a(lib_a-strlen.o)
 .debug_abbrev  0x00000000000079a9      0x1bd /usr/lib/gcc/arm-none-eabi/10.3.1/../../../arm-none-eabi/lib/thumb/v7e-m+fp/hard/libc_nano.a(lib_a-__atexit.o)
 .debug_abbrev  0x0000000000007b66      0x179 /usr/lib/gcc/arm-none-eabi/10.3.1/../../../arm-none-eabi/lib/thumb/v7e-m+fp/hard/libc_nano.a(lib_a-__call_atexit.o)
 .debug_abbrev  0x0000000000007cdf       0x6a /usr/lib/gcc/arm-none-eabi/10.3.1/../../../arm-none-eabi/lib/thumb/v7e-m+fp/hard/libnosys.a(_exit.o)
 .debug_abbrev  0x0000000000007d49       0x14 /usr/lib/gcc/arm-none-eabi/10.3.1/thumb/v7e-m+fp/hard/libgcc.a(_aeabi_uldivmod.o)
 .debug_abbrev  0x0000000000007d5d      0x163 /usr/lib/gcc/arm-none-eabi/10.3.1/thumb/v7e-m+fp/hard/libgcc.a(_udivmoddi4.o)
 .debug_abbrev  0x0000000000007ec0       0x14 /usr/lib/gcc/arm-none-eabi/10.3.1/thumb/v7e-m+fp/hard/libgcc.a(_dvmd_tls.o)

.debug_aranges  0x0000000000000000      0xeb8
 .debug_aranges
                0x0000000000000000       0x20 /usr/lib/gcc/arm-none-eabi/10.3.1/../../../arm-none-eabi/lib/thumb/v7e-m+fp/hard/crt0.o
 .debug_aranges
                0x0000000000000020       0x20 _build/nrf52832_xxaa/gcc_startup_nrf52.S.o
 .debug_aranges
                0x0000000000000040       0x20 _build/nrf52832_xxaa/nrf_log_backend_serial.c.o
 .debug_aranges
                0x0000000000000060       0x48 _build/nrf52832_xxaa/nrf_log_backend_uart.c.o
 .debug_aranges
                0x00000000000000a8       0x20 _build/nrf52832_xxaa/nrf_log_default_backends.c.o
 .debug_aranges
                0x00000000000000c8       0xc0 _build/nrf52832_xxaa/nrf_log_frontend.c.o
 .debug_aranges
                0x0000000000000188       0x38 _build/nrf52832_xxaa/nrf_log_str_formatter.c.o
 .debug_aranges
                0x00000000000001c0       0x50 _build/nrf52832_xxaa/app_button.c.o
 .debug_aranges
                0x0000000000000210       0x28 _build/nrf52832_xxaa/app_error.c.o
 .debug_aranges
                0x0000000000000238       0x20 _build/nrf52832_xxaa/app_error_weak.c.o
 .debug_aranges
                0x0000000000000258       0x78 _build/nrf52832_xxaa/app_timer2.c.o
 .debug_aranges
                0x00000000000002d0       0x48 _build/nrf52832_xxaa/app_util_platform.c.o
 .debug_aranges
                0x0000000000000318       0xb0 _build/nrf52832_xxaa/drv_rtc.c.o
 .debug_aranges
                0x00000000000003c8       0x58 _build/nrf52832_xxaa/nrf_atfifo.c.o
 .debug_aranges
                0x0000000000000420       0xb0 _build/nrf52832_xxaa/nrf_atomic.c.o
 .debug_aranges
                0x00000000000004d0       0x30 _build/nrf52832_xxaa/nrf_balloc.c.o
 .debug_aranges
                0x0000000000000500       0x28 _build/nrf52832_xxaa/nrf_fprintf.c.o
 .debug_aranges
                0x0000000000000528       0x28 _build/nrf52832_xxaa/nrf_fprintf_format.c.o
 .debug_aranges
                0x0000000000000550       0x50 _build/nrf52832_xxaa/nrf_memobj.c.o
 .debug_aranges
                0x00000000000005a0       0x48 _build/nrf52832_xxaa/nrf_pwr_mgmt.c.o
 .debug_aranges
                0x00000000000005e8       0x50 _build/nrf52832_xxaa/nrf_ringbuf.c.o
 .debug_aranges
                0x0000000000000638       0x28 _build/nrf52832_xxaa/nrf_section_iter.c.o